11:32:10.106 [DEBUG] (trainer.py:107) Try to restore model
11:32:32.518 [INFO] (trainer.py:173) Total Epi:       1 Steps:      25 Episode Steps:      25 Return: -34.1667 Coverage Node:  0.0833 Coverage Edge  0.0694 Eps:     0.2 FPS:    1.12
11:32:58.567 [INFO] (trainer.py:173) Total Epi:       2 Steps:      43 Episode Steps:      18 Return: -38.4722 Coverage Node:  0.0556 Coverage Edge  0.0625 Eps:  0.19920000000000002 FPS:    0.79
11:33:24.858 [INFO] (trainer.py:173) Total Epi:       3 Steps:      61 Episode Steps:      18 Return: -38.8889 Coverage Node:  0.0556 Coverage Edge  0.0556 Eps:  0.1984032 FPS:    0.79
11:33:57.712 [INFO] (trainer.py:173) Total Epi:       4 Steps:      84 Episode Steps:      23 Return: -34.1667 Coverage Node:  0.0833 Coverage Edge  0.0694 Eps:  0.1976095872 FPS:    0.79
11:34:23.751 [INFO] (trainer.py:173) Total Epi:       5 Steps:     102 Episode Steps:      18 Return: -38.8889 Coverage Node:  0.0556 Coverage Edge  0.0556 Eps:  0.1968191488512 FPS:    0.79
11:35:13.703 [INFO] (trainer.py:173) Total Epi:       6 Steps:     139 Episode Steps:      37 Return: -35.1667 Coverage Node:  0.0833 Coverage Edge  0.0694 Eps:  0.1960318722557952 FPS:    0.79
11:35:43.525 [INFO] (trainer.py:173) Total Epi:       7 Steps:     160 Episode Steps:      21 Return: -34.1667 Coverage Node:  0.0833 Coverage Edge  0.0694 Eps:  0.195247744766772 FPS:    0.79
11:36:13.337 [INFO] (trainer.py:173) Total Epi:       8 Steps:     181 Episode Steps:      21 Return: -38.4722 Coverage Node:  0.0556 Coverage Edge  0.0625 Eps:  0.19446675378770492 FPS:    0.79
11:37:15.893 [INFO] (trainer.py:173) Total Epi:       9 Steps:     228 Episode Steps:      47 Return: -34.7500 Coverage Node:  0.0833 Coverage Edge  0.0764 Eps:  0.1936888867725541 FPS:    0.79
11:37:52.007 [INFO] (trainer.py:173) Total Epi:      10 Steps:     254 Episode Steps:      26 Return: -34.1667 Coverage Node:  0.0833 Coverage Edge  0.0694 Eps:  0.1929141312254639 FPS:    0.79
11:38:34.416 [INFO] (trainer.py:173) Total Epi:      11 Steps:     285 Episode Steps:      31 Return: -29.4444 Coverage Node:  0.1111 Coverage Edge  0.0903 Eps:  0.19214247470056203 FPS:    0.79
11:39:01.701 [INFO] (trainer.py:173) Total Epi:      12 Steps:     302 Episode Steps:      17 Return: -44.1111 Coverage Node:  0.0278 Coverage Edge  0.0417 Eps:  0.19137390480175978 FPS:    0.79
11:40:23.191 [INFO] (trainer.py:173) Total Epi:      13 Steps:     364 Episode Steps:      62 Return: -29.6111 Coverage Node:  0.1111 Coverage Edge  0.0972 Eps:  0.19060840918255273 FPS:    0.79
11:41:21.992 [INFO] (trainer.py:173) Total Epi:      14 Steps:     408 Episode Steps:      44 Return: -29.9444 Coverage Node:  0.1111 Coverage Edge  0.0833 Eps:  0.18984597554582253 FPS:    0.79
11:42:19.486 [INFO] (trainer.py:173) Total Epi:      15 Steps:     451 Episode Steps:      43 Return: -29.4444 Coverage Node:  0.1111 Coverage Edge  0.0833 Eps:  0.18908659164363922 FPS:    0.79
11:42:50.555 [INFO] (trainer.py:173) Total Epi:      16 Steps:     473 Episode Steps:      22 Return: -44.1111 Coverage Node:  0.0278 Coverage Edge  0.0417 Eps:  0.18833024527706466 FPS:    0.79
11:43:21.623 [INFO] (trainer.py:173) Total Epi:      17 Steps:     495 Episode Steps:      22 Return: -38.8889 Coverage Node:  0.0556 Coverage Edge  0.0556 Eps:  0.1875769242959564 FPS:    0.79
11:43:51.491 [INFO] (trainer.py:173) Total Epi:      18 Steps:     516 Episode Steps:      21 Return: -44.1111 Coverage Node:  0.0278 Coverage Edge  0.0417 Eps:  0.1868266165987726 FPS:    0.79
11:44:17.826 [INFO] (trainer.py:173) Total Epi:      19 Steps:     534 Episode Steps:      18 Return: -44.1111 Coverage Node:  0.0278 Coverage Edge  0.0417 Eps:  0.1860793101323775 FPS:    0.79
11:45:14.076 [INFO] (trainer.py:173) Total Epi:      20 Steps:     576 Episode Steps:      42 Return: -29.4444 Coverage Node:  0.1111 Coverage Edge  0.0833 Eps:  0.185334992891848 FPS:    0.79
11:45:53.317 [INFO] (trainer.py:173) Total Epi:      21 Steps:     604 Episode Steps:      28 Return: -44.1111 Coverage Node:  0.0278 Coverage Edge  0.0417 Eps:  0.1845936529202806 FPS:    0.79
11:46:28.165 [INFO] (trainer.py:173) Total Epi:      22 Steps:     629 Episode Steps:      25 Return: -44.1111 Coverage Node:  0.0278 Coverage Edge  0.0417 Eps:  0.18385527830859946 FPS:    0.79
11:46:54.208 [INFO] (trainer.py:173) Total Epi:      23 Steps:     647 Episode Steps:      18 Return: -44.1111 Coverage Node:  0.0278 Coverage Edge  0.0417 Eps:  0.18311985719536505 FPS:    0.79
11:47:28.393 [INFO] (trainer.py:173) Total Epi:      24 Steps:     671 Episode Steps:      24 Return: -39.3889 Coverage Node:  0.0556 Coverage Edge  0.0556 Eps:  0.1823873777665836 FPS:    0.79
11:48:03.235 [INFO] (trainer.py:173) Total Epi:      25 Steps:     696 Episode Steps:      25 Return: -44.1111 Coverage Node:  0.0278 Coverage Edge  0.0417 Eps:  0.18165782825551727 FPS:    0.79
11:48:34.301 [INFO] (trainer.py:173) Total Epi:      26 Steps:     718 Episode Steps:      22 Return: -44.1111 Coverage Node:  0.0278 Coverage Edge  0.0417 Eps:  0.1809311969424952 FPS:    0.79
11:49:43.143 [INFO] (trainer.py:173) Total Epi:      27 Steps:     770 Episode Steps:      52 Return: -29.9444 Coverage Node:  0.1111 Coverage Edge  0.0833 Eps:  0.18020747215472524 FPS:    0.79
11:50:13.547 [INFO] (trainer.py:173) Total Epi:      28 Steps:     791 Episode Steps:      21 Return: -44.1111 Coverage Node:  0.0278 Coverage Edge  0.0417 Eps:  0.17948664226610633 FPS:    0.79
11:50:50.901 [INFO] (trainer.py:173) Total Epi:      29 Steps:     818 Episode Steps:      27 Return: -44.1111 Coverage Node:  0.0278 Coverage Edge  0.0417 Eps:  0.1787686956970419 FPS:    0.79
11:51:20.718 [INFO] (trainer.py:173) Total Epi:      30 Steps:     839 Episode Steps:      21 Return: -44.1111 Coverage Node:  0.0278 Coverage Edge  0.0417 Eps:  0.17805362091425372 FPS:    0.79
11:51:55.569 [INFO] (trainer.py:173) Total Epi:      31 Steps:     864 Episode Steps:      25 Return: -44.1111 Coverage Node:  0.0278 Coverage Edge  0.0417 Eps:  0.1773414064305967 FPS:    0.79
11:54:46.320 [INFO] (trainer.py:173) Total Epi:      32 Steps:     997 Episode Steps:     133 Return: -44.1111 Coverage Node:  0.0278 Coverage Edge  0.0417 Eps:  0.17663204080487432 FPS:    0.79
11:55:26.772 [INFO] (trainer.py:173) Total Epi:      33 Steps:    1026 Episode Steps:      29 Return: -44.1111 Coverage Node:  0.0278 Coverage Edge  0.0417 Eps:  0.17592551264165482 FPS:    0.79
11:56:14.202 [INFO] (trainer.py:173) Total Epi:      34 Steps:    1061 Episode Steps:      35 Return: -44.1111 Coverage Node:  0.0278 Coverage Edge  0.0417 Eps:  0.1752218105910882 FPS:    0.79
11:56:47.126 [INFO] (trainer.py:173) Total Epi:      35 Steps:    1084 Episode Steps:      23 Return: -44.1111 Coverage Node:  0.0278 Coverage Edge  0.0417 Eps:  0.17452092334872385 FPS:    0.79
11:57:49.665 [INFO] (trainer.py:173) Total Epi:      36 Steps:    1131 Episode Steps:      47 Return: -39.3889 Coverage Node:  0.0556 Coverage Edge  0.0556 Eps:  0.17382283965532896 FPS:    0.79
11:58:49.714 [INFO] (trainer.py:173) Total Epi:      37 Steps:    1176 Episode Steps:      45 Return: -39.8889 Coverage Node:  0.0556 Coverage Edge  0.0556 Eps:  0.17312754829670765 FPS:    0.79
12:00:46.389 [INFO] (trainer.py:173) Total Epi:      38 Steps:    1266 Episode Steps:      90 Return: -31.4444 Coverage Node:  0.1111 Coverage Edge  0.0833 Eps:  0.17243503810352082 FPS:    0.79
12:06:48.850 [INFO] (trainer.py:173) Total Epi:      39 Steps:    1551 Episode Steps:     285 Return: -22.3333 Coverage Node:  0.1667 Coverage Edge  0.1389 Eps:  0.17174529795110674 FPS:    0.79
12:26:31.551 [INFO] (trainer.py:173) Total Epi:      40 Steps:    2486 Episode Steps:     935 Return: -6.4444 Coverage Node:  0.2778 Coverage Edge  0.2778 Eps:  0.1710583167593023 FPS:    0.79
12:30:22.950 [INFO] (trainer.py:173) Total Epi:      41 Steps:    2667 Episode Steps:     181 Return: -25.0556 Coverage Node:  0.1389 Coverage Edge  0.1250 Eps:  0.1703740834922651 FPS:    0.79
12:40:02.795 [INFO] (trainer.py:173) Total Epi:      42 Steps:    3124 Episode Steps:     457 Return:  7.4167 Coverage Node:  0.3333 Coverage Edge  0.2708 Eps:  0.16969258715829605 FPS:    0.79
12:45:33.844 [INFO] (trainer.py:173) Total Epi:      43 Steps:    3384 Episode Steps:     260 Return: -10.2222 Coverage Node:  0.2222 Coverage Edge  0.1944 Eps:  0.16901381680966288 FPS:    0.79
12:53:19.139 [INFO] (trainer.py:173) Total Epi:      44 Steps:    3750 Episode Steps:     366 Return:  4.1111 Coverage Node:  0.3056 Coverage Edge  0.2639 Eps:  0.16833776154242422 FPS:    0.79
12:58:53.238 [INFO] (trainer.py:173) Total Epi:      45 Steps:    4012 Episode Steps:     262 Return:  6.7778 Coverage Node:  0.3056 Coverage Edge  0.2917 Eps:  0.16766441049625452 FPS:    0.79
13:07:12.873 [INFO] (trainer.py:173) Total Epi:      46 Steps:    4405 Episode Steps:     393 Return:  14.0556 Coverage Node:  0.3611 Coverage Edge  0.3333 Eps:  0.1669937528542695 FPS:    0.79
13:13:23.221 [INFO] (trainer.py:173) Total Epi:      47 Steps:    4696 Episode Steps:     291 Return: -16.7778 Coverage Node:  0.1944 Coverage Edge  0.1667 Eps:  0.16632577784285243 FPS:    0.79
13:22:31.804 [INFO] (trainer.py:173) Total Epi:      48 Steps:    5128 Episode Steps:     432 Return:  7.5833 Coverage Node:  0.3333 Coverage Edge  0.2986 Eps:  0.16566047473148102 FPS:    0.79
13:40:32.094 [INFO] (trainer.py:173) Total Epi:      49 Steps:    5979 Episode Steps:     851 Return:  35.8889 Coverage Node:  0.5278 Coverage Edge  0.4583 Eps:  0.1649978328325551 FPS:    0.79
13:45:33.206 [INFO] (trainer.py:173) Total Epi:      50 Steps:    6215 Episode Steps:     236 Return: -4.3333 Coverage Node:  0.2500 Coverage Edge  0.2361 Eps:  0.16433784150122488 FPS:    0.79
13:55:55.799 [INFO] (trainer.py:173) Total Epi:      51 Steps:    6705 Episode Steps:     490 Return:  14.9722 Coverage Node:  0.3611 Coverage Edge  0.3403 Eps:  0.16368049013521999 FPS:    0.79
13:56:53.321 [INFO] (trainer.py:173) Total Epi:      52 Steps:    6748 Episode Steps:      43 Return: -34.6667 Coverage Node:  0.0833 Coverage Edge  0.0694 Eps:  0.1630257681746791 FPS:    0.79
14:06:59.771 [INFO] (trainer.py:173) Total Epi:      53 Steps:    7225 Episode Steps:     477 Return:  25.6667 Coverage Node:  0.4167 Coverage Edge  0.3889 Eps:  0.16237366510198037 FPS:    0.79
14:13:52.411 [INFO] (trainer.py:173) Total Epi:      54 Steps:    7549 Episode Steps:     324 Return:  6.2778 Coverage Node:  0.3056 Coverage Edge  0.2917 Eps:  0.16172417044157245 FPS:    0.79
14:40:19.244 [INFO] (trainer.py:173) Total Epi:      55 Steps:    8799 Episode Steps:    1250 Return:  79.7500 Coverage Node:  0.5000 Coverage Edge  0.4792 Eps:  0.16107727375980616 FPS:    0.79
14:49:19.647 [INFO] (trainer.py:173) Total Epi:      56 Steps:    9224 Episode Steps:     425 Return:  14.0556 Coverage Node:  0.3611 Coverage Edge  0.3333 Eps:  0.16043296466476692 FPS:    0.79
14:53:30.423 [INFO] (trainer.py:173) Total Epi:      57 Steps:    9420 Episode Steps:     196 Return:  2.1389 Coverage Node:  0.2778 Coverage Edge  0.2708 Eps:  0.15979123280610785 FPS:    0.79
14:57:00.992 [INFO] (trainer.py:173) Total Epi:      58 Steps:    9584 Episode Steps:     164 Return:  4.9444 Coverage Node:  0.3056 Coverage Edge  0.2361 Eps:  0.15915206787488342 FPS:    0.79
15:01:01.625 [INFO] (trainer.py:173) Total Epi:      59 Steps:    9772 Episode Steps:     188 Return:  7.6944 Coverage Node:  0.3056 Coverage Edge  0.2986 Eps:  0.1585154596033839 FPS:    0.79
15:12:10.056 [INFO] (trainer.py:173) Total Epi:      60 Steps:   10298 Episode Steps:     526 Return:  8.6389 Coverage Node:  0.3611 Coverage Edge  0.3264 Eps:  0.15788139776497037 FPS:    0.79
15:16:21.117 [INFO] (trainer.py:173) Total Epi:      61 Steps:   10494 Episode Steps:     196 Return:  2.2222 Coverage Node:  0.2778 Coverage Edge  0.2639 Eps:  0.15724987217391048 FPS:    0.79
15:23:25.159 [INFO] (trainer.py:173) Total Epi:      62 Steps:   10826 Episode Steps:     332 Return:  31.2222 Coverage Node:  0.4444 Coverage Edge  0.4167 Eps:  0.15662087268521485 FPS:    0.79
15:24:00.008 [INFO] (trainer.py:173) Total Epi:      63 Steps:   10851 Episode Steps:      25 Return: -38.9722 Coverage Node:  0.0556 Coverage Edge  0.0625 Eps:  0.155994389194474 FPS:    0.79
15:41:18.018 [INFO] (trainer.py:173) Total Epi:      64 Steps:   11666 Episode Steps:     815 Return:  79.8611 Coverage Node:  0.7222 Coverage Edge  0.6875 Eps:  0.1553704116376961 FPS:    0.79
15:46:49.218 [INFO] (trainer.py:173) Total Epi:      65 Steps:   11926 Episode Steps:     260 Return: -21.0833 Coverage Node:  0.1667 Coverage Edge  0.1597 Eps:  0.1547489299911453 FPS:    0.79
15:52:28.145 [INFO] (trainer.py:173) Total Epi:      66 Steps:   12191 Episode Steps:     265 Return:  14.9722 Coverage Node:  0.3611 Coverage Edge  0.2986 Eps:  0.15412993427118074 FPS:    0.79
16:02:14.225 [INFO] (trainer.py:173) Total Epi:      67 Steps:   12650 Episode Steps:     459 Return:  44.8889 Coverage Node:  0.5278 Coverage Edge  0.4583 Eps:  0.153513414534096 FPS:    0.79
16:07:26.299 [INFO] (trainer.py:173) Total Epi:      68 Steps:   12894 Episode Steps:     244 Return:  13.1667 Coverage Node:  0.3333 Coverage Edge  0.3333 Eps:  0.15289936087595962 FPS:    0.79
16:11:00.553 [INFO] (trainer.py:173) Total Epi:      69 Steps:   13061 Episode Steps:     167 Return:  10.4167 Coverage Node:  0.3333 Coverage Edge  0.2708 Eps:  0.15228776343245579 FPS:    0.79
16:11:54.304 [INFO] (trainer.py:173) Total Epi:      70 Steps:   13101 Episode Steps:      40 Return: -28.1944 Coverage Node:  0.1111 Coverage Edge  0.1042 Eps:  0.15167861237872596 FPS:    0.79
16:16:28.595 [INFO] (trainer.py:173) Total Epi:      71 Steps:   13315 Episode Steps:     214 Return:  17.5278 Coverage Node:  0.3889 Coverage Edge  0.2847 Eps:  0.15107189792921105 FPS:    0.79
16:20:09.054 [INFO] (trainer.py:173) Total Epi:      72 Steps:   13487 Episode Steps:     172 Return:  7.7500 Coverage Node:  0.3333 Coverage Edge  0.2431 Eps:  0.1504676103374942 FPS:    0.79
16:22:47.904 [INFO] (trainer.py:173) Total Epi:      73 Steps:   13610 Episode Steps:     123 Return: -10.8889 Coverage Node:  0.2222 Coverage Edge  0.1667 Eps:  0.1498657398961442 FPS:    0.79
16:28:14.029 [INFO] (trainer.py:173) Total Epi:      74 Steps:   13865 Episode Steps:     255 Return:  30.3056 Coverage Node:  0.4444 Coverage Edge  0.3681 Eps:  0.14926627693655964 FPS:    0.79
16:38:25.340 [INFO] (trainer.py:173) Total Epi:      75 Steps:   14346 Episode Steps:     481 Return:  14.3056 Coverage Node:  0.3611 Coverage Edge  0.3542 Eps:  0.1486692118288134 FPS:    0.79
16:45:47.007 [INFO] (trainer.py:173) Total Epi:      76 Steps:   14693 Episode Steps:     347 Return:  13.8056 Coverage Node:  0.3611 Coverage Edge  0.3125 Eps:  0.14807453498149814 FPS:    0.79
16:55:40.992 [INFO] (trainer.py:173) Total Epi:      77 Steps:   15159 Episode Steps:     466 Return:  62.6944 Coverage Node:  0.6389 Coverage Edge  0.5208 Eps:  0.14748223684157213 FPS:    0.79
16:56:33.505 [INFO] (trainer.py:173) Total Epi:      78 Steps:   15198 Episode Steps:      39 Return: -34.3333 Coverage Node:  0.0833 Coverage Edge  0.0833 Eps:  0.14689230789420585 FPS:    0.79
17:01:39.303 [INFO] (trainer.py:173) Total Epi:      79 Steps:   15437 Episode Steps:     239 Return:  12.8056 Coverage Node:  0.3611 Coverage Edge  0.2708 Eps:  0.14630473866262902 FPS:    0.79
17:08:50.263 [INFO] (trainer.py:173) Total Epi:      80 Steps:   15775 Episode Steps:     338 Return:  11.7222 Coverage Node:  0.3611 Coverage Edge  0.2778 Eps:  0.1457195197079785 FPS:    0.79
17:12:42.173 [INFO] (trainer.py:173) Total Epi:      81 Steps:   15956 Episode Steps:     181 Return: -1.5278 Coverage Node:  0.2778 Coverage Edge  0.2014 Eps:  0.14513664162914658 FPS:    0.79
17:16:33.081 [INFO] (trainer.py:173) Total Epi:      82 Steps:   16136 Episode Steps:     180 Return:  10.8333 Coverage Node:  0.3333 Coverage Edge  0.2778 Eps:  0.14455609506262998 FPS:    0.79
17:29:10.538 [INFO] (trainer.py:173) Total Epi:      83 Steps:   16732 Episode Steps:     596 Return:  6.5833 Coverage Node:  0.3333 Coverage Edge  0.3403 Eps:  0.14397787068237947 FPS:    0.79
17:37:07.007 [INFO] (trainer.py:173) Total Epi:      84 Steps:   17105 Episode Steps:     373 Return:  19.9444 Coverage Node:  0.3889 Coverage Edge  0.3333 Eps:  0.14340195919964996 FPS:    0.79
17:38:12.366 [INFO] (trainer.py:173) Total Epi:      85 Steps:   17154 Episode Steps:      49 Return: -34.3333 Coverage Node:  0.1111 Coverage Edge  0.0972 Eps:  0.14282835136285135 FPS:    0.79
17:44:14.381 [INFO] (trainer.py:173) Total Epi:      86 Steps:   17438 Episode Steps:     284 Return:  14.4722 Coverage Node:  0.3611 Coverage Edge  0.2986 Eps:  0.14225703795739994 FPS:    0.79
17:55:33.811 [INFO] (trainer.py:173) Total Epi:      87 Steps:   17973 Episode Steps:     535 Return:  25.5556 Coverage Node:  0.4444 Coverage Edge  0.3472 Eps:  0.14168800980557034 FPS:    0.79
17:58:14.980 [INFO] (trainer.py:173) Total Epi:      88 Steps:   18098 Episode Steps:     125 Return: -10.9722 Coverage Node:  0.2222 Coverage Edge  0.1736 Eps:  0.14112125776634807 FPS:    0.79
18:02:19.380 [INFO] (trainer.py:173) Total Epi:      89 Steps:   18289 Episode Steps:     191 Return:  0.8889 Coverage Node:  0.2778 Coverage Edge  0.2500 Eps:  0.14055677273528266 FPS:    0.79
18:11:31.690 [INFO] (trainer.py:173) Total Epi:      90 Steps:   18722 Episode Steps:     433 Return:  39.3333 Coverage Node:  0.5000 Coverage Edge  0.4306 Eps:  0.13999454564434152 FPS:    0.79
18:38:04.742 [INFO] (trainer.py:173) Total Epi:      91 Steps:   19972 Episode Steps:    1250 Return:  100.0278 Coverage Node:  0.6389 Coverage Edge  0.6181 Eps:  0.13943456746176416 FPS:    0.79
18:44:43.132 [INFO] (trainer.py:173) Total Epi:      92 Steps:   20284 Episode Steps:     312 Return:  24.5000 Coverage Node:  0.4167 Coverage Edge  0.3611 Eps:  0.1388768291919171 FPS:    0.79
18:48:04.452 [INFO] (trainer.py:173) Total Epi:      93 Steps:   20441 Episode Steps:     157 Return: -6.3333 Coverage Node:  0.2500 Coverage Edge  0.1944 Eps:  0.13832132187514942 FPS:    0.79
18:49:24.870 [INFO] (trainer.py:173) Total Epi:      94 Steps:   20502 Episode Steps:      61 Return: -29.1944 Coverage Node:  0.1111 Coverage Edge  0.1042 Eps:  0.13776803658764883 FPS:    0.79
18:54:30.464 [INFO] (trainer.py:173) Total Epi:      95 Steps:   20741 Episode Steps:     239 Return:  2.5278 Coverage Node:  0.3056 Coverage Edge  0.2292 Eps:  0.13721696444129824 FPS:    0.79
18:55:59.460 [INFO] (trainer.py:173) Total Epi:      96 Steps:   20809 Episode Steps:      68 Return: -29.1944 Coverage Node:  0.1111 Coverage Edge  0.1042 Eps:  0.13666809658353304 FPS:    0.79
19:11:00.306 [INFO] (trainer.py:173) Total Epi:      97 Steps:   21519 Episode Steps:     710 Return:  13.7500 Coverage Node:  0.4167 Coverage Edge  0.3819 Eps:  0.13612142419719891 FPS:    0.79
19:16:33.714 [INFO] (trainer.py:173) Total Epi:      98 Steps:   21780 Episode Steps:     261 Return:  16.1389 Coverage Node:  0.3611 Coverage Edge  0.3264 Eps:  0.1355769385004101 FPS:    0.79
19:33:49.726 [INFO] (trainer.py:173) Total Epi:      99 Steps:   22596 Episode Steps:     816 Return:  11.1111 Coverage Node:  0.3889 Coverage Edge  0.3611 Eps:  0.13503463074640848 FPS:    0.79
19:36:45.832 [INFO] (trainer.py:173) Total Epi:     100 Steps:   22733 Episode Steps:     137 Return:  0.2222 Coverage Node:  0.2778 Coverage Edge  0.2222 Eps:  0.13449449222342286 FPS:    0.79
19:43:20.885 [INFO] (trainer.py:173) Total Epi:     101 Steps:   23043 Episode Steps:     310 Return:  13.8889 Coverage Node:  0.3611 Coverage Edge  0.3056 Eps:  0.13395651425452917 FPS:    0.79
20:00:15.774 [INFO] (trainer.py:173) Total Epi:     102 Steps:   23843 Episode Steps:     800 Return:  33.1667 Coverage Node:  0.5000 Coverage Edge  0.4861 Eps:  0.13342068819751104 FPS:    0.79
20:05:52.092 [INFO] (trainer.py:173) Total Epi:     103 Steps:   24106 Episode Steps:     263 Return:  14.8889 Coverage Node:  0.3611 Coverage Edge  0.3056 Eps:  0.132887005444721 FPS:    0.79
20:09:39.816 [INFO] (trainer.py:173) Total Epi:     104 Steps:   24284 Episode Steps:     178 Return: -21.3333 Coverage Node:  0.1667 Coverage Edge  0.1389 Eps:  0.13235545742294214 FPS:    0.79
20:18:48.339 [INFO] (trainer.py:173) Total Epi:     105 Steps:   24715 Episode Steps:     431 Return:  17.7778 Coverage Node:  0.3889 Coverage Edge  0.3472 Eps:  0.13182603559325037 FPS:    0.79
20:45:13.268 [INFO] (trainer.py:173) Total Epi:     106 Steps:   25960 Episode Steps:    1245 Return:  78.9722 Coverage Node:  0.7778 Coverage Edge  0.7431 Eps:  0.13129873145087737 FPS:    0.79
20:51:52.420 [INFO] (trainer.py:173) Total Epi:     107 Steps:   26273 Episode Steps:     313 Return:  17.3611 Coverage Node:  0.3889 Coverage Edge  0.2986 Eps:  0.13077353652507384 FPS:    0.79
21:04:19.324 [INFO] (trainer.py:173) Total Epi:     108 Steps:   26860 Episode Steps:     587 Return:  57.8056 Coverage Node:  0.6111 Coverage Edge  0.5208 Eps:  0.13025044237897354 FPS:    0.79
21:07:29.687 [INFO] (trainer.py:173) Total Epi:     109 Steps:   27008 Episode Steps:     148 Return:  1.9722 Coverage Node:  0.2778 Coverage Edge  0.2431 Eps:  0.12972944060945765 FPS:    0.79
21:29:05.815 [INFO] (trainer.py:173) Total Epi:     110 Steps:   28028 Episode Steps:    1020 Return:  51.3889 Coverage Node:  0.6111 Coverage Edge  0.5556 Eps:  0.1292105228470198 FPS:    0.79
21:55:32.746 [INFO] (trainer.py:173) Total Epi:     111 Steps:   29278 Episode Steps:    1250 Return:  85.5556 Coverage Node:  0.6111 Coverage Edge  0.5417 Eps:  0.12869368075563173 FPS:    0.79
22:02:59.154 [INFO] (trainer.py:173) Total Epi:     112 Steps:   29628 Episode Steps:     350 Return:  14.3889 Coverage Node:  0.3611 Coverage Edge  0.3056 Eps:  0.1281789060326092 FPS:    0.79
22:12:54.053 [INFO] (trainer.py:173) Total Epi:     113 Steps:   30095 Episode Steps:     467 Return:  37.4167 Coverage Node:  0.5000 Coverage Edge  0.4236 Eps:  0.12766619040847876 FPS:    0.79
22:20:02.978 [INFO] (trainer.py:173) Total Epi:     114 Steps:   30432 Episode Steps:     337 Return:  15.1389 Coverage Node:  0.3611 Coverage Edge  0.3264 Eps:  0.12715552564684485 FPS:    0.79
22:30:23.032 [INFO] (trainer.py:173) Total Epi:     115 Steps:   30919 Episode Steps:     487 Return:  27.6389 Coverage Node:  0.4444 Coverage Edge  0.3819 Eps:  0.12664690354425748 FPS:    0.79
22:33:22.028 [INFO] (trainer.py:173) Total Epi:     116 Steps:   31058 Episode Steps:     139 Return: -6.6667 Coverage Node:  0.2500 Coverage Edge  0.1806 Eps:  0.12614031593008046 FPS:    0.79
22:46:41.791 [INFO] (trainer.py:173) Total Epi:     117 Steps:   31688 Episode Steps:     630 Return:  16.9444 Coverage Node:  0.3889 Coverage Edge  0.3750 Eps:  0.12563575466636015 FPS:    0.79
22:51:01.422 [INFO] (trainer.py:173) Total Epi:     118 Steps:   31891 Episode Steps:     203 Return:  9.7500 Coverage Node:  0.3333 Coverage Edge  0.2847 Eps:  0.1251332116476947 FPS:    0.79
23:08:34.312 [INFO] (trainer.py:173) Total Epi:     119 Steps:   32720 Episode Steps:     829 Return:  50.5000 Coverage Node:  0.5833 Coverage Edge  0.5139 Eps:  0.12463267880110392 FPS:    0.79
23:18:09.022 [INFO] (trainer.py:173) Total Epi:     120 Steps:   33171 Episode Steps:     451 Return:  41.1667 Coverage Node:  0.5000 Coverage Edge  0.4861 Eps:  0.1241341480858995 FPS:    0.79
23:29:41.232 [INFO] (trainer.py:173) Total Epi:     121 Steps:   33716 Episode Steps:     545 Return:  5.9167 Coverage Node:  0.3333 Coverage Edge  0.3125 Eps:  0.1236376114935559 FPS:    0.79
23:45:33.228 [INFO] (trainer.py:173) Total Epi:     122 Steps:   34465 Episode Steps:     749 Return:  30.3611 Coverage Node:  0.4722 Coverage Edge  0.4375 Eps:  0.12314306104758167 FPS:    0.79
23:55:29.261 [INFO] (trainer.py:173) Total Epi:     123 Steps:   34934 Episode Steps:     469 Return:  14.5556 Coverage Node:  0.3611 Coverage Edge  0.3333 Eps:  0.12265048880339134 FPS:    0.79
00:01:12.645 [INFO] (trainer.py:173) Total Epi:     124 Steps:   35203 Episode Steps:     269 Return:  12.9722 Coverage Node:  0.3611 Coverage Edge  0.2986 Eps:  0.12215988684817777 FPS:    0.79
00:07:11.645 [INFO] (trainer.py:173) Total Epi:     125 Steps:   35484 Episode Steps:     281 Return:  29.8889 Coverage Node:  0.4444 Coverage Edge  0.3611 Eps:  0.12167124730078506 FPS:    0.79
00:08:07.037 [INFO] (trainer.py:173) Total Epi:     126 Steps:   35525 Episode Steps:      41 Return: -33.9167 Coverage Node:  0.0833 Coverage Edge  0.0903 Eps:  0.12118456231158192 FPS:    0.79
00:14:48.244 [INFO] (trainer.py:173) Total Epi:     127 Steps:   35840 Episode Steps:     315 Return:  15.5556 Coverage Node:  0.3611 Coverage Edge  0.3333 Eps:  0.12069982406233559 FPS:    0.79
00:18:02.117 [INFO] (trainer.py:173) Total Epi:     128 Steps:   35991 Episode Steps:     151 Return: -3.6667 Coverage Node:  0.2500 Coverage Edge  0.2222 Eps:  0.12021702476608626 FPS:    0.79
00:23:22.415 [INFO] (trainer.py:173) Total Epi:     129 Steps:   36241 Episode Steps:     250 Return:  14.4722 Coverage Node:  0.3611 Coverage Edge  0.2986 Eps:  0.1197361566670219 FPS:    0.79
00:36:58.891 [INFO] (trainer.py:173) Total Epi:     130 Steps:   36882 Episode Steps:     641 Return:  33.8611 Coverage Node:  0.4722 Coverage Edge  0.4375 Eps:  0.11925721204035382 FPS:    0.79
00:38:35.490 [INFO] (trainer.py:173) Total Epi:     131 Steps:   36956 Episode Steps:      74 Return: -24.9722 Coverage Node:  0.1389 Coverage Edge  0.1181 Eps:  0.1187801831921924 FPS:    0.79
00:47:24.903 [INFO] (trainer.py:173) Total Epi:     132 Steps:   37371 Episode Steps:     415 Return:  21.2778 Coverage Node:  0.3889 Coverage Edge  0.3889 Eps:  0.11830506245942363 FPS:    0.79
00:59:27.214 [INFO] (trainer.py:173) Total Epi:     133 Steps:   37937 Episode Steps:     566 Return:  47.3889 Coverage Node:  0.5278 Coverage Edge  0.5000 Eps:  0.11783184220958594 FPS:    0.79
01:07:06.052 [INFO] (trainer.py:173) Total Epi:     134 Steps:   38297 Episode Steps:     360 Return:  13.8889 Coverage Node:  0.3611 Coverage Edge  0.3056 Eps:  0.1173605148407476 FPS:    0.79
01:17:42.129 [INFO] (trainer.py:173) Total Epi:     135 Steps:   38797 Episode Steps:     500 Return:  33.3611 Coverage Node:  0.4722 Coverage Edge  0.3958 Eps:  0.11689107278138461 FPS:    0.79
01:26:21.526 [INFO] (trainer.py:173) Total Epi:     136 Steps:   39205 Episode Steps:     408 Return:  18.1111 Coverage Node:  0.3889 Coverage Edge  0.3194 Eps:  0.11642350849025906 FPS:    0.79
01:38:07.904 [INFO] (trainer.py:173) Total Epi:     137 Steps:   39760 Episode Steps:     555 Return:  39.3333 Coverage Node:  0.5000 Coverage Edge  0.4722 Eps:  0.11595781445629803 FPS:    0.79
01:42:03.462 [INFO] (trainer.py:173) Total Epi:     138 Steps:   39944 Episode Steps:     184 Return:  9.4167 Coverage Node:  0.3333 Coverage Edge  0.2708 Eps:  0.11549398319847284 FPS:    0.79
01:56:31.715 [INFO] (trainer.py:173) Total Epi:     139 Steps:   40626 Episode Steps:     682 Return:  35.8333 Coverage Node:  0.5000 Coverage Edge  0.4306 Eps:  0.11503200726567896 FPS:    0.79
02:00:02.040 [INFO] (trainer.py:173) Total Epi:     140 Steps:   40790 Episode Steps:     164 Return:  2.5556 Coverage Node:  0.2778 Coverage Edge  0.2778 Eps:  0.11457187923661624 FPS:    0.79
02:04:20.530 [INFO] (trainer.py:173) Total Epi:     141 Steps:   40992 Episode Steps:     202 Return:  8.2500 Coverage Node:  0.3333 Coverage Edge  0.2431 Eps:  0.11411359171966978 FPS:    0.79
02:30:52.005 [INFO] (trainer.py:173) Total Epi:     142 Steps:   42242 Episode Steps:    1250 Return:  131.3889 Coverage Node:  0.7778 Coverage Edge  0.7083 Eps:  0.11365713735279111 FPS:    0.79
02:43:27.944 [INFO] (trainer.py:173) Total Epi:     143 Steps:   42835 Episode Steps:     593 Return:  55.9722 Coverage Node:  0.6111 Coverage Edge  0.5069 Eps:  0.11320250880337994 FPS:    0.79
03:03:43.182 [INFO] (trainer.py:173) Total Epi:     144 Steps:   43791 Episode Steps:     956 Return:  56.9444 Coverage Node:  0.6389 Coverage Edge  0.5833 Eps:  0.11274969876816641 FPS:    0.79
03:04:16.770 [INFO] (trainer.py:173) Total Epi:     145 Steps:   43815 Episode Steps:      24 Return: -39.3889 Coverage Node:  0.0556 Coverage Edge  0.0556 Eps:  0.11229869997309375 FPS:    0.79
03:13:30.884 [INFO] (trainer.py:173) Total Epi:     146 Steps:   44250 Episode Steps:     435 Return:  34.2778 Coverage Node:  0.4722 Coverage Edge  0.4028 Eps:  0.11184950517320137 FPS:    0.79
03:14:27.153 [INFO] (trainer.py:173) Total Epi:     147 Steps:   44292 Episode Steps:      42 Return: -29.5278 Coverage Node:  0.1111 Coverage Edge  0.0903 Eps:  0.11140210715250856 FPS:    0.79
03:17:28.237 [INFO] (trainer.py:173) Total Epi:     148 Steps:   44433 Episode Steps:     141 Return: -19.1667 Coverage Node:  0.1667 Coverage Edge  0.1667 Eps:  0.11095649872389853 FPS:    0.79
03:23:35.089 [INFO] (trainer.py:173) Total Epi:     149 Steps:   44720 Episode Steps:     287 Return:  30.8056 Coverage Node:  0.4444 Coverage Edge  0.3681 Eps:  0.11051267272900293 FPS:    0.79
03:46:03.711 [INFO] (trainer.py:173) Total Epi:     150 Steps:   45779 Episode Steps:    1059 Return:  49.3889 Coverage Node:  0.6111 Coverage Edge  0.5972 Eps:  0.11007062203808692 FPS:    0.79
04:02:07.146 [INFO] (trainer.py:173) Total Epi:     151 Steps:   46537 Episode Steps:     758 Return:  44.2778 Coverage Node:  0.5556 Coverage Edge  0.4583 Eps:  0.10963033954993456 FPS:    0.79
04:07:32.621 [INFO] (trainer.py:173) Total Epi:     152 Steps:   46792 Episode Steps:     255 Return:  15.2222 Coverage Node:  0.3611 Coverage Edge  0.3194 Eps:  0.10919181819173482 FPS:    0.79
04:27:16.665 [INFO] (trainer.py:173) Total Epi:     153 Steps:   47725 Episode Steps:     933 Return:  42.1111 Coverage Node:  0.5556 Coverage Edge  0.4722 Eps:  0.10875505091896788 FPS:    0.79
04:53:49.367 [INFO] (trainer.py:173) Total Epi:     154 Steps:   48975 Episode Steps:    1250 Return:  135.4444 Coverage Node:  0.8056 Coverage Edge  0.7361 Eps:  0.108320030715292 FPS:    0.79
04:58:17.457 [INFO] (trainer.py:173) Total Epi:     155 Steps:   49184 Episode Steps:     209 Return:  8.1667 Coverage Node:  0.3333 Coverage Edge  0.2500 Eps:  0.10788675059243083 FPS:    0.79
05:10:12.633 [INFO] (trainer.py:173) Total Epi:     156 Steps:   49747 Episode Steps:     563 Return:  11.5556 Coverage Node:  0.3611 Coverage Edge  0.3333 Eps:  0.10745520359006111 FPS:    0.79
05:15:35.857 [INFO] (trainer.py:265) Testing Episode 1
05:41:51.132 [INFO] (trainer.py:265) Testing Episode 2
06:08:09.992 [INFO] (trainer.py:207) Evaluation Total Steps:   50000 Average Reward  97.5417 over  2 episodes
06:11:45.833 [INFO] (trainer.py:173) Total Epi:     157 Steps:   50168 Episode Steps:     421 Return:  61.3056 Coverage Node:  0.2778 Coverage Edge  0.2500 Eps:  0.10702538277570087 FPS:    0.11
06:33:14.680 [INFO] (trainer.py:173) Total Epi:     158 Steps:   51180 Episode Steps:    1012 Return:  71.9722 Coverage Node:  0.6944 Coverage Edge  0.6875 Eps:  0.10659728124459807 FPS:    0.79
06:45:58.717 [INFO] (trainer.py:173) Total Epi:     159 Steps:   51781 Episode Steps:     601 Return:  51.5000 Coverage Node:  0.5833 Coverage Edge  0.4722 Eps:  0.10617089211961968 FPS:    0.79
07:04:50.946 [INFO] (trainer.py:173) Total Epi:     160 Steps:   52670 Episode Steps:     889 Return:  55.9722 Coverage Node:  0.6111 Coverage Edge  0.5903 Eps:  0.1057462085511412 FPS:    0.79
07:12:00.958 [INFO] (trainer.py:173) Total Epi:     161 Steps:   53006 Episode Steps:     336 Return:  46.3889 Coverage Node:  0.5278 Coverage Edge  0.4583 Eps:  0.10532322371693663 FPS:    0.79
07:13:27.475 [INFO] (trainer.py:173) Total Epi:     162 Steps:   53072 Episode Steps:      66 Return: -24.4722 Coverage Node:  0.1389 Coverage Edge  0.1181 Eps:  0.10490193082206888 FPS:    0.79
07:25:22.959 [INFO] (trainer.py:173) Total Epi:     163 Steps:   53635 Episode Steps:     563 Return:  18.3611 Coverage Node:  0.4167 Coverage Edge  0.3958 Eps:  0.1044823230987806 FPS:    0.79
07:46:31.336 [INFO] (trainer.py:173) Total Epi:     164 Steps:   54631 Episode Steps:     996 Return:  85.8056 Coverage Node:  0.7778 Coverage Edge  0.7153 Eps:  0.10406439380638548 FPS:    0.79
08:12:33.677 [INFO] (trainer.py:173) Total Epi:     165 Steps:   55858 Episode Steps:    1227 Return:  68.5833 Coverage Node:  0.7500 Coverage Edge  0.6597 Eps:  0.10364813623115994 FPS:    0.79
08:18:10.322 [INFO] (trainer.py:173) Total Epi:     166 Steps:   56121 Episode Steps:     263 Return:  30.4722 Coverage Node:  0.4444 Coverage Edge  0.3542 Eps:  0.1032335436862353 FPS:    0.79
08:31:28.374 [INFO] (trainer.py:173) Total Epi:     167 Steps:   56748 Episode Steps:     627 Return:  50.8333 Coverage Node:  0.5833 Coverage Edge  0.4861 Eps:  0.10282060951149036 FPS:    0.79
08:51:16.129 [INFO] (trainer.py:173) Total Epi:     168 Steps:   57682 Episode Steps:     934 Return:  46.5000 Coverage Node:  0.5833 Coverage Edge  0.5139 Eps:  0.1024093270734444 FPS:    0.79
08:54:59.361 [INFO] (trainer.py:173) Total Epi:     169 Steps:   57856 Episode Steps:     174 Return:  9.0000 Coverage Node:  0.3333 Coverage Edge  0.2639 Eps:  0.10199968976515061 FPS:    0.79
09:21:30.571 [INFO] (trainer.py:173) Total Epi:     170 Steps:   59106 Episode Steps:    1250 Return:  114.3611 Coverage Node:  0.7222 Coverage Edge  0.6875 Eps:  0.10159169100609002 FPS:    0.79
09:40:43.305 [INFO] (trainer.py:173) Total Epi:     171 Steps:   60011 Episode Steps:     905 Return:  64.5833 Coverage Node:  0.6667 Coverage Edge  0.6042 Eps:  0.10118532424206565 FPS:    0.79
09:44:43.931 [INFO] (trainer.py:173) Total Epi:     172 Steps:   60199 Episode Steps:     188 Return:  11.6667 Coverage Node:  0.3333 Coverage Edge  0.2917 Eps:  0.10078058294509738 FPS:    0.79
09:55:58.562 [INFO] (trainer.py:173) Total Epi:     173 Steps:   60728 Episode Steps:     529 Return:  66.9167 Coverage Node:  0.6667 Coverage Edge  0.5347 Eps:  0.100377460613317 FPS:    0.79
10:12:32.327 [INFO] (trainer.py:173) Total Epi:     174 Steps:   61507 Episode Steps:     779 Return:  62.9444 Coverage Node:  0.6389 Coverage Edge  0.5833 Eps:  0.09997595077086373 FPS:    0.79
10:39:04.981 [INFO] (trainer.py:173) Total Epi:     175 Steps:   62757 Episode Steps:    1250 Return:  135.6944 Coverage Node:  0.8056 Coverage Edge  0.7153 Eps:  0.09957604696778027 FPS:    0.79
10:46:27.101 [INFO] (trainer.py:173) Total Epi:     176 Steps:   63103 Episode Steps:     346 Return:  43.9722 Coverage Node:  0.5278 Coverage Edge  0.4097 Eps:  0.09917774277990915 FPS:    0.79
10:49:56.155 [INFO] (trainer.py:173) Total Epi:     177 Steps:   63266 Episode Steps:     163 Return: -0.1944 Coverage Node:  0.2778 Coverage Edge  0.2153 Eps:  0.09878103180878951 FPS:    0.79
10:58:10.270 [INFO] (trainer.py:173) Total Epi:     178 Steps:   63653 Episode Steps:     387 Return:  45.9722 Coverage Node:  0.5278 Coverage Edge  0.4514 Eps:  0.09838590768155435 FPS:    0.79
11:05:02.647 [INFO] (trainer.py:173) Total Epi:     179 Steps:   63976 Episode Steps:     323 Return:  31.9444 Coverage Node:  0.4722 Coverage Edge  0.3472 Eps:  0.09799236405082813 FPS:    0.79
11:11:17.299 [INFO] (trainer.py:173) Total Epi:     180 Steps:   64269 Episode Steps:     293 Return:  28.2222 Coverage Node:  0.4444 Coverage Edge  0.3333 Eps:  0.09760039459462481 FPS:    0.79
11:25:12.065 [INFO] (trainer.py:173) Total Epi:     181 Steps:   64924 Episode Steps:     655 Return:  58.8889 Coverage Node:  0.6111 Coverage Edge  0.5556 Eps:  0.09720999301624632 FPS:    0.79
11:48:02.998 [INFO] (trainer.py:173) Total Epi:     182 Steps:   66003 Episode Steps:    1079 Return:  90.1111 Coverage Node:  0.8056 Coverage Edge  0.7222 Eps:  0.09682115304418133 FPS:    0.79
12:14:34.893 [INFO] (trainer.py:173) Total Epi:     183 Steps:   67253 Episode Steps:    1250 Return:  110.3333 Coverage Node:  0.6667 Coverage Edge  0.6250 Eps:  0.0964338684320046 FPS:    0.79
12:41:06.968 [INFO] (trainer.py:173) Total Epi:     184 Steps:   68503 Episode Steps:    1250 Return:  104.2500 Coverage Node:  0.6667 Coverage Edge  0.6319 Eps:  0.09604813295827659 FPS:    0.79
13:07:40.094 [INFO] (trainer.py:173) Total Epi:     185 Steps:   69753 Episode Steps:    1250 Return:  98.4722 Coverage Node:  0.6111 Coverage Edge  0.5903 Eps:  0.09566394042644348 FPS:    0.79
13:34:12.514 [INFO] (trainer.py:173) Total Epi:     186 Steps:   71003 Episode Steps:    1250 Return:  99.7500 Coverage Node:  0.6667 Coverage Edge  0.5903 Eps:  0.0952812846647377 FPS:    0.79
13:46:12.232 [INFO] (trainer.py:173) Total Epi:     187 Steps:   71567 Episode Steps:     564 Return:  59.3889 Coverage Node:  0.6111 Coverage Edge  0.5556 Eps:  0.09490015952607875 FPS:    0.79
14:12:46.083 [INFO] (trainer.py:173) Total Epi:     188 Steps:   72817 Episode Steps:    1250 Return:  121.3611 Coverage Node:  0.7222 Coverage Edge  0.6458 Eps:  0.09452055888797443 FPS:    0.79
14:39:18.382 [INFO] (trainer.py:173) Total Epi:     189 Steps:   74067 Episode Steps:    1250 Return:  116.4444 Coverage Node:  0.7222 Coverage Edge  0.6389 Eps:  0.09414247665242254 FPS:    0.79
14:58:02.983 [INFO] (trainer.py:173) Total Epi:     190 Steps:   74950 Episode Steps:     883 Return:  54.9722 Coverage Node:  0.6111 Coverage Edge  0.5486 Eps:  0.09376590674581284 FPS:    0.79
15:24:35.403 [INFO] (trainer.py:173) Total Epi:     191 Steps:   76200 Episode Steps:    1250 Return:  99.0556 Coverage Node:  0.6111 Coverage Edge  0.5833 Eps:  0.09339084311882959 FPS:    0.79
15:31:51.424 [INFO] (trainer.py:173) Total Epi:     192 Steps:   76541 Episode Steps:     341 Return:  43.1389 Coverage Node:  0.5278 Coverage Edge  0.3958 Eps:  0.09301727974635426 FPS:    0.79
15:54:05.921 [INFO] (trainer.py:173) Total Epi:     193 Steps:   77588 Episode Steps:    1047 Return:  62.5833 Coverage Node:  0.6667 Coverage Edge  0.6042 Eps:  0.09264521062736884 FPS:    0.79
16:13:18.875 [INFO] (trainer.py:173) Total Epi:     194 Steps:   78493 Episode Steps:     905 Return:  44.7500 Coverage Node:  0.5833 Coverage Edge  0.5347 Eps:  0.09227462978485937 FPS:    0.79
16:19:34.132 [INFO] (trainer.py:173) Total Epi:     195 Steps:   78786 Episode Steps:     293 Return:  44.8889 Coverage Node:  0.5278 Coverage Edge  0.4167 Eps:  0.09190553126571993 FPS:    0.79
16:46:07.724 [INFO] (trainer.py:173) Total Epi:     196 Steps:   80036 Episode Steps:    1250 Return:  105.7500 Coverage Node:  0.6667 Coverage Edge  0.5903 Eps:  0.09153790914065706 FPS:    0.79
17:12:41.175 [INFO] (trainer.py:173) Total Epi:     197 Steps:   81286 Episode Steps:    1250 Return:  116.3056 Coverage Node:  0.6944 Coverage Edge  0.6597 Eps:  0.09117175750409443 FPS:    0.79
17:36:28.173 [INFO] (trainer.py:173) Total Epi:     198 Steps:   82405 Episode Steps:    1119 Return:  59.4167 Coverage Node:  0.6667 Coverage Edge  0.6181 Eps:  0.09080707047407804 FPS:    0.79
18:03:02.140 [INFO] (trainer.py:173) Total Epi:     199 Steps:   83655 Episode Steps:    1250 Return:  99.8889 Coverage Node:  0.6111 Coverage Edge  0.5556 Eps:  0.09044384219218173 FPS:    0.79
18:19:13.683 [INFO] (trainer.py:173) Total Epi:     200 Steps:   84417 Episode Steps:     762 Return:  55.9722 Coverage Node:  0.6111 Coverage Edge  0.5069 Eps:  0.09008206682341299 FPS:    0.79
18:45:47.136 [INFO] (trainer.py:173) Total Epi:     201 Steps:   85667 Episode Steps:    1250 Return:  109.5833 Coverage Node:  0.6667 Coverage Edge  0.6042 Eps:  0.08972173855611934 FPS:    0.79
19:00:23.465 [INFO] (trainer.py:173) Total Epi:     202 Steps:   86354 Episode Steps:     687 Return:  55.8056 Coverage Node:  0.6111 Coverage Edge  0.5208 Eps:  0.08936285160189486 FPS:    0.79
19:26:57.854 [INFO] (trainer.py:173) Total Epi:     203 Steps:   87604 Episode Steps:    1250 Return:  106.5833 Coverage Node:  0.6667 Coverage Edge  0.6042 Eps:  0.08900540019548728 FPS:    0.79
19:53:30.776 [INFO] (trainer.py:173) Total Epi:     204 Steps:   88854 Episode Steps:    1250 Return:  89.1389 Coverage Node:  0.6111 Coverage Edge  0.5347 Eps:  0.08864937859470533 FPS:    0.79
20:20:06.259 [INFO] (trainer.py:173) Total Epi:     205 Steps:   90104 Episode Steps:    1250 Return:  110.1389 Coverage Node:  0.6944 Coverage Edge  0.6319 Eps:  0.08829478108032651 FPS:    0.79
20:32:57.016 [INFO] (trainer.py:173) Total Epi:     206 Steps:   90708 Episode Steps:     604 Return:  68.8333 Coverage Node:  0.6667 Coverage Edge  0.5833 Eps:  0.0879416019560052 FPS:    0.79
20:59:31.150 [INFO] (trainer.py:173) Total Epi:     207 Steps:   91958 Episode Steps:    1250 Return:  106.4167 Coverage Node:  0.6667 Coverage Edge  0.6181 Eps:  0.08758983554818117 FPS:    0.79
21:26:05.382 [INFO] (trainer.py:173) Total Epi:     208 Steps:   93208 Episode Steps:    1250 Return:  119.3611 Coverage Node:  0.7222 Coverage Edge  0.6042 Eps:  0.08723947620598844 FPS:    0.79
21:52:39.807 [INFO] (trainer.py:173) Total Epi:     209 Steps:   94458 Episode Steps:    1250 Return:  105.1667 Coverage Node:  0.6667 Coverage Edge  0.5972 Eps:  0.0868905183011645 FPS:    0.79
21:57:32.470 [INFO] (trainer.py:173) Total Epi:     210 Steps:   94686 Episode Steps:     228 Return:  23.1667 Coverage Node:  0.4167 Coverage Edge  0.3056 Eps:  0.08654295622795984 FPS:    0.79
22:24:06.916 [INFO] (trainer.py:173) Total Epi:     211 Steps:   95936 Episode Steps:    1250 Return:  104.0833 Coverage Node:  0.6667 Coverage Edge  0.6042 Eps:  0.086196784403048 FPS:    0.79
22:50:42.003 [INFO] (trainer.py:173) Total Epi:     212 Steps:   97186 Episode Steps:    1250 Return:  108.2500 Coverage Node:  0.6667 Coverage Edge  0.6319 Eps:  0.0858519972654358 FPS:    0.79
23:17:15.581 [INFO] (trainer.py:173) Total Epi:     213 Steps:   98436 Episode Steps:    1250 Return:  107.3333 Coverage Node:  0.6667 Coverage Edge  0.6250 Eps:  0.08550858927637406 FPS:    0.79
23:23:57.641 [INFO] (trainer.py:173) Total Epi:     214 Steps:   98750 Episode Steps:     314 Return:  39.0833 Coverage Node:  0.5000 Coverage Edge  0.4097 Eps:  0.08516655491926856 FPS:    0.79
23:50:31.897 [INFO] (trainer.py:173) Total Epi:     215 Steps:  100000 Episode Steps:    1250 Return:  102.0833 Coverage Node:  0.6667 Coverage Edge  0.5625 Eps:  0.08482588869959148 FPS:    0.79
23:50:35.289 [INFO] (trainer.py:265) Testing Episode 1
00:13:32.442 [INFO] (trainer.py:265) Testing Episode 2
00:36:12.163 [INFO] (trainer.py:207) Evaluation Total Steps:  100000 Average Reward  55.0694 over  2 episodes
00:55:57.298 [INFO] (trainer.py:173) Total Epi:     216 Steps:  100929 Episode Steps:     929 Return:  73.7778 Coverage Node:  0.7222 Coverage Edge  0.6111 Eps:  0.08448658514479311 FPS:    0.24
01:22:30.803 [INFO] (trainer.py:173) Total Epi:     217 Steps:  102179 Episode Steps:    1250 Return:  109.0000 Coverage Node:  0.6667 Coverage Edge  0.6528 Eps:  0.08414863880421394 FPS:    0.79
01:35:33.443 [INFO] (trainer.py:173) Total Epi:     218 Steps:  102792 Episode Steps:     613 Return:  59.3056 Coverage Node:  0.6111 Coverage Edge  0.5208 Eps:  0.08381204424899709 FPS:    0.79
02:02:09.427 [INFO] (trainer.py:173) Total Epi:     219 Steps:  104042 Episode Steps:    1250 Return:  105.3333 Coverage Node:  0.6667 Coverage Edge  0.6250 Eps:  0.0834767960720011 FPS:    0.79
02:07:57.187 [INFO] (trainer.py:173) Total Epi:     220 Steps:  104314 Episode Steps:     272 Return:  31.1389 Coverage Node:  0.4444 Coverage Edge  0.3819 Eps:  0.0831428888877131 FPS:    0.79
02:34:32.039 [INFO] (trainer.py:173) Total Epi:     221 Steps:  105564 Episode Steps:    1250 Return:  104.6667 Coverage Node:  0.6667 Coverage Edge  0.6389 Eps:  0.08281031733216224 FPS:    0.79
03:01:05.727 [INFO] (trainer.py:173) Total Epi:     222 Steps:  106814 Episode Steps:    1250 Return:  100.8333 Coverage Node:  0.6667 Coverage Edge  0.5833 Eps:  0.08247907606283358 FPS:    0.79
03:20:48.584 [INFO] (trainer.py:173) Total Epi:     223 Steps:  107741 Episode Steps:     927 Return:  61.4167 Coverage Node:  0.6667 Coverage Edge  0.5764 Eps:  0.08214915975858225 FPS:    0.79
03:26:55.212 [INFO] (trainer.py:173) Total Epi:     224 Steps:  108027 Episode Steps:     286 Return:  44.8889 Coverage Node:  0.5278 Coverage Edge  0.4167 Eps:  0.08182056311954793 FPS:    0.79
03:39:38.055 [INFO] (trainer.py:173) Total Epi:     225 Steps:  108625 Episode Steps:     598 Return:  39.7222 Coverage Node:  0.5278 Coverage Edge  0.4306 Eps:  0.08149328086706974 FPS:    0.79
04:00:48.724 [INFO] (trainer.py:173) Total Epi:     226 Steps:  109621 Episode Steps:     996 Return:  64.5833 Coverage Node:  0.6667 Coverage Edge  0.6042 Eps:  0.08116730774360145 FPS:    0.79
04:07:55.220 [INFO] (trainer.py:173) Total Epi:     227 Steps:  109955 Episode Steps:     334 Return:  40.4167 Coverage Node:  0.5000 Coverage Edge  0.4236 Eps:  0.08084263851262705 FPS:    0.79
04:32:21.360 [INFO] (trainer.py:173) Total Epi:     228 Steps:  111104 Episode Steps:    1149 Return:  61.5000 Coverage Node:  0.6667 Coverage Edge  0.6528 Eps:  0.08051926795857654 FPS:    0.79
04:56:28.899 [INFO] (trainer.py:173) Total Epi:     229 Steps:  112239 Episode Steps:    1135 Return:  72.2778 Coverage Node:  0.7222 Coverage Edge  0.6528 Eps:  0.08019719088674224 FPS:    0.79
05:01:55.273 [INFO] (trainer.py:173) Total Epi:     230 Steps:  112494 Episode Steps:     255 Return:  32.6944 Coverage Node:  0.4722 Coverage Edge  0.3264 Eps:  0.07987640212319527 FPS:    0.79
05:19:24.352 [INFO] (trainer.py:173) Total Epi:     231 Steps:  113316 Episode Steps:     822 Return:  65.5000 Coverage Node:  0.6667 Coverage Edge  0.6111 Eps:  0.07955689651470249 FPS:    0.79
05:45:58.414 [INFO] (trainer.py:173) Total Epi:     232 Steps:  114566 Episode Steps:    1250 Return:  109.7500 Coverage Node:  0.6667 Coverage Edge  0.6319 Eps:  0.07923866892864367 FPS:    0.79
06:12:32.727 [INFO] (trainer.py:173) Total Epi:     233 Steps:  115816 Episode Steps:    1250 Return:  105.8889 Coverage Node:  0.6944 Coverage Edge  0.6111 Eps:  0.0789217142529291 FPS:    0.79
06:33:16.305 [INFO] (trainer.py:173) Total Epi:     234 Steps:  116791 Episode Steps:     975 Return:  66.7500 Coverage Node:  0.6667 Coverage Edge  0.6319 Eps:  0.07860602739591738 FPS:    0.79
06:59:51.095 [INFO] (trainer.py:173) Total Epi:     235 Steps:  118041 Episode Steps:    1250 Return:  103.9167 Coverage Node:  0.6667 Coverage Edge  0.5764 Eps:  0.07829160328633371 FPS:    0.79
07:26:16.329 [INFO] (trainer.py:173) Total Epi:     236 Steps:  119283 Episode Steps:    1242 Return:  67.3611 Coverage Node:  0.7222 Coverage Edge  0.6458 Eps:  0.07797843687318837 FPS:    0.79
07:35:22.445 [INFO] (trainer.py:173) Total Epi:     237 Steps:  119710 Episode Steps:     427 Return:  57.8056 Coverage Node:  0.6111 Coverage Edge  0.4792 Eps:  0.07766652312569561 FPS:    0.79
08:01:55.529 [INFO] (trainer.py:173) Total Epi:     238 Steps:  120960 Episode Steps:    1250 Return:  108.3056 Coverage Node:  0.6944 Coverage Edge  0.6597 Eps:  0.07735585703319282 FPS:    0.79
08:28:29.968 [INFO] (trainer.py:173) Total Epi:     239 Steps:  122210 Episode Steps:    1250 Return:  113.7222 Coverage Node:  0.6944 Coverage Edge  0.6667 Eps:  0.07704643360506006 FPS:    0.79
08:38:18.249 [INFO] (trainer.py:173) Total Epi:     240 Steps:  122670 Episode Steps:     460 Return:  65.6944 Coverage Node:  0.6389 Coverage Edge  0.5625 Eps:  0.07673824787063982 FPS:    0.79
09:04:51.561 [INFO] (trainer.py:173) Total Epi:     241 Steps:  123920 Episode Steps:    1250 Return:  105.8889 Coverage Node:  0.6944 Coverage Edge  0.6111 Eps:  0.07643129487915726 FPS:    0.79
09:14:59.040 [INFO] (trainer.py:173) Total Epi:     242 Steps:  124395 Episode Steps:     475 Return:  60.8056 Coverage Node:  0.6111 Coverage Edge  0.5208 Eps:  0.07612556969964063 FPS:    0.79
09:39:37.872 [INFO] (trainer.py:173) Total Epi:     243 Steps:  125552 Episode Steps:    1157 Return:  58.8333 Coverage Node:  0.6667 Coverage Edge  0.6250 Eps:  0.07582106742084206 FPS:    0.79
10:06:11.802 [INFO] (trainer.py:173) Total Epi:     244 Steps:  126802 Episode Steps:    1250 Return:  111.7222 Coverage Node:  0.6944 Coverage Edge  0.5833 Eps:  0.07551778315115869 FPS:    0.79
10:32:46.499 [INFO] (trainer.py:173) Total Epi:     245 Steps:  128052 Episode Steps:    1250 Return:  112.7222 Coverage Node:  0.6944 Coverage Edge  0.6250 Eps:  0.07521571201855405 FPS:    0.79
10:48:12.794 [INFO] (trainer.py:173) Total Epi:     246 Steps:  128778 Episode Steps:     726 Return:  67.3333 Coverage Node:  0.6667 Coverage Edge  0.5833 Eps:  0.07491484917047983 FPS:    0.79
11:14:48.053 [INFO] (trainer.py:173) Total Epi:     247 Steps:  130028 Episode Steps:    1250 Return:  106.8333 Coverage Node:  0.6667 Coverage Edge  0.5833 Eps:  0.07461518977379791 FPS:    0.79
11:41:21.974 [INFO] (trainer.py:173) Total Epi:     248 Steps:  131278 Episode Steps:    1250 Return:  113.3056 Coverage Node:  0.6944 Coverage Edge  0.6181 Eps:  0.07431672901470272 FPS:    0.79
11:46:20.137 [INFO] (trainer.py:173) Total Epi:     249 Steps:  131510 Episode Steps:     232 Return:  28.3056 Coverage Node:  0.4444 Coverage Edge  0.3264 Eps:  0.0740194620986439 FPS:    0.79
12:12:54.185 [INFO] (trainer.py:173) Total Epi:     250 Steps:  132760 Episode Steps:    1250 Return:  104.1667 Coverage Node:  0.6667 Coverage Edge  0.5972 Eps:  0.07372338425024932 FPS:    0.79
