INFO:root:Total_episodes: 0, Total_steps: 0, episode_steps: 1

INFO:root:Initializing new episode ...
INFO:root:Ep 1 robot pose [x,y,yaw]: [4.5, -4.5, 0]
INFO:root:Ep 1 goal pose [x, y]: [5.05, -3.95]
INFO:root:Ep 1: Collision
INFO:root:Total_episodes: 1, Total_steps: 25, episode_steps: 25

INFO:root:Initializing new episode ...
INFO:root:Ep 2 robot pose [x,y,yaw]: [4.5, -4.5, 0]
INFO:root:Ep 2 goal pose [x, y]: [11.0, 11.0]
INFO:root:Ep 2: Collision
INFO:root:Total_episodes: 2, Total_steps: 43, episode_steps: 18

INFO:root:Initializing new episode ...
INFO:root:Ep 3 robot pose [x,y,yaw]: [4.5, -4.5, 0]
INFO:root:Ep 3 goal pose [x, y]: [11.0, 11.0]
INFO:root:Ep 3: Collision
INFO:root:Total_episodes: 3, Total_steps: 61, episode_steps: 18

INFO:root:Initializing new episode ...
INFO:root:Ep 4 robot pose [x,y,yaw]: [4.5, -4.5, 0]
INFO:root:Ep 4 goal pose [x, y]: [11.0, 11.0]
INFO:root:Ep 4: Collision
INFO:root:Total_episodes: 4, Total_steps: 84, episode_steps: 23

INFO:root:Initializing new episode ...
INFO:root:Ep 5 robot pose [x,y,yaw]: [4.5, -4.5, 0]
INFO:root:Ep 5 goal pose [x, y]: [11.0, 11.0]
INFO:root:Ep 5: Collision
INFO:root:Total_episodes: 5, Total_steps: 102, episode_steps: 18

INFO:root:Initializing new episode ...
INFO:root:Ep 6 robot pose [x,y,yaw]: [4.5, -4.5, 0]
INFO:root:Ep 6 goal pose [x, y]: [11.0, 11.0]
INFO:root:Ep 6: Collision
INFO:root:Total_episodes: 6, Total_steps: 139, episode_steps: 37

INFO:root:Initializing new episode ...
INFO:root:Ep 7 robot pose [x,y,yaw]: [4.5, -4.5, 0]
INFO:root:Ep 7 goal pose [x, y]: [11.0, 11.0]
INFO:root:Ep 7: Collision
INFO:root:Total_episodes: 7, Total_steps: 160, episode_steps: 21

INFO:root:Initializing new episode ...
INFO:root:Ep 8 robot pose [x,y,yaw]: [4.5, -4.5, 0]
INFO:root:Ep 8 goal pose [x, y]: [11.0, 11.0]
INFO:root:Ep 8: Collision
INFO:root:Total_episodes: 8, Total_steps: 181, episode_steps: 21

INFO:root:Initializing new episode ...
INFO:root:Ep 9 robot pose [x,y,yaw]: [4.5, -4.5, 0]
INFO:root:Ep 9 goal pose [x, y]: [11.0, 11.0]
INFO:root:Ep 9: Collision
INFO:root:Total_episodes: 9, Total_steps: 228, episode_steps: 47

INFO:root:Initializing new episode ...
INFO:root:Ep 10 robot pose [x,y,yaw]: [4.5, -4.5, 0]
INFO:root:Ep 10 goal pose [x, y]: [11.0, 11.0]
INFO:root:Ep 10: Collision
INFO:root:Total_episodes: 10, Total_steps: 254, episode_steps: 26

INFO:root:Initializing new episode ...
INFO:root:Ep 11 robot pose [x,y,yaw]: [4.5, -4.5, 0]
INFO:root:Ep 11 goal pose [x, y]: [11.0, 11.0]
INFO:root:Ep 11: Collision
INFO:root:Total_episodes: 11, Total_steps: 285, episode_steps: 31

INFO:root:Initializing new episode ...
INFO:root:Ep 12 robot pose [x,y,yaw]: [4.5, -4.5, 0]
INFO:root:Ep 12 goal pose [x, y]: [11.0, 11.0]
INFO:root:Ep 12: Collision
INFO:root:Total_episodes: 12, Total_steps: 302, episode_steps: 17

INFO:root:Initializing new episode ...
INFO:root:Ep 13 robot pose [x,y,yaw]: [4.5, -4.5, 0]
INFO:root:Ep 13 goal pose [x, y]: [11.0, 11.0]
INFO:root:Ep 13: Collision
INFO:root:Total_episodes: 13, Total_steps: 364, episode_steps: 62

INFO:root:Initializing new episode ...
INFO:root:Ep 14 robot pose [x,y,yaw]: [4.5, -4.5, 0]
INFO:root:Ep 14 goal pose [x, y]: [11.0, 11.0]
INFO:root:Ep 14: Collision
INFO:root:Total_episodes: 14, Total_steps: 408, episode_steps: 44

INFO:root:Initializing new episode ...
INFO:root:Ep 15 robot pose [x,y,yaw]: [4.5, -4.5, 0]
INFO:root:Ep 15 goal pose [x, y]: [11.0, 11.0]
INFO:root:Ep 15: Collision
INFO:root:Total_episodes: 15, Total_steps: 451, episode_steps: 43

INFO:root:Initializing new episode ...
INFO:root:Ep 16 robot pose [x,y,yaw]: [4.5, -4.5, 0]
INFO:root:Ep 16 goal pose [x, y]: [11.0, 11.0]
INFO:root:Ep 16: Collision
INFO:root:Total_episodes: 16, Total_steps: 473, episode_steps: 22

INFO:root:Initializing new episode ...
INFO:root:Ep 17 robot pose [x,y,yaw]: [4.5, -4.5, 0]
INFO:root:Ep 17 goal pose [x, y]: [11.0, 11.0]
INFO:root:Ep 17: Collision
INFO:root:Total_episodes: 17, Total_steps: 495, episode_steps: 22

INFO:root:Initializing new episode ...
INFO:root:Ep 18 robot pose [x,y,yaw]: [4.5, -4.5, 0]
INFO:root:Ep 18 goal pose [x, y]: [11.0, 11.0]
INFO:root:Ep 18: Collision
INFO:root:Total_episodes: 18, Total_steps: 516, episode_steps: 21

INFO:root:Initializing new episode ...
INFO:root:Ep 19 robot pose [x,y,yaw]: [4.5, -4.5, 0]
INFO:root:Ep 19 goal pose [x, y]: [11.0, 11.0]
INFO:root:Ep 19: Collision
INFO:root:Total_episodes: 19, Total_steps: 534, episode_steps: 18

INFO:root:Initializing new episode ...
INFO:root:Ep 20 robot pose [x,y,yaw]: [4.5, -4.5, 0]
INFO:root:Ep 20 goal pose [x, y]: [11.0, 11.0]
INFO:root:Ep 20: Collision
INFO:root:Total_episodes: 20, Total_steps: 576, episode_steps: 42

INFO:root:Initializing new episode ...
INFO:root:Ep 21 robot pose [x,y,yaw]: [4.5, -4.5, 0]
INFO:root:Ep 21 goal pose [x, y]: [11.0, 11.0]
INFO:root:Ep 21: Collision
INFO:root:Total_episodes: 21, Total_steps: 604, episode_steps: 28

INFO:root:Initializing new episode ...
INFO:root:Ep 22 robot pose [x,y,yaw]: [4.5, -4.5, 0]
INFO:root:Ep 22 goal pose [x, y]: [11.0, 11.0]
INFO:root:Ep 22: Collision
INFO:root:Total_episodes: 22, Total_steps: 629, episode_steps: 25

INFO:root:Initializing new episode ...
INFO:root:Ep 23 robot pose [x,y,yaw]: [4.5, -4.5, 0]
INFO:root:Ep 23 goal pose [x, y]: [11.0, 11.0]
INFO:root:Ep 23: Collision
INFO:root:Total_episodes: 23, Total_steps: 647, episode_steps: 18

INFO:root:Initializing new episode ...
INFO:root:Ep 24 robot pose [x,y,yaw]: [4.5, -4.5, 0]
INFO:root:Ep 24 goal pose [x, y]: [11.0, 11.0]
INFO:root:Ep 24: Collision
INFO:root:Total_episodes: 24, Total_steps: 671, episode_steps: 24

INFO:root:Initializing new episode ...
INFO:root:Ep 25 robot pose [x,y,yaw]: [4.5, -4.5, 0]
INFO:root:Ep 25 goal pose [x, y]: [11.0, 11.0]
INFO:root:Ep 25: Collision
INFO:root:Total_episodes: 25, Total_steps: 696, episode_steps: 25

INFO:root:Initializing new episode ...
INFO:root:Ep 26 robot pose [x,y,yaw]: [4.5, -4.5, 0]
INFO:root:Ep 26 goal pose [x, y]: [11.0, 11.0]
INFO:root:Ep 26: Collision
INFO:root:Total_episodes: 26, Total_steps: 718, episode_steps: 22

INFO:root:Initializing new episode ...
INFO:root:Ep 27 robot pose [x,y,yaw]: [4.5, -4.5, 0]
INFO:root:Ep 27 goal pose [x, y]: [11.0, 11.0]
INFO:root:Ep 27: Collision
INFO:root:Total_episodes: 27, Total_steps: 770, episode_steps: 52

INFO:root:Initializing new episode ...
INFO:root:Ep 28 robot pose [x,y,yaw]: [4.5, -4.5, 0]
INFO:root:Ep 28 goal pose [x, y]: [11.0, 11.0]
INFO:root:Ep 28: Collision
INFO:root:Total_episodes: 28, Total_steps: 791, episode_steps: 21

INFO:root:Initializing new episode ...
INFO:root:Ep 29 robot pose [x,y,yaw]: [4.5, -4.5, 0]
INFO:root:Ep 29 goal pose [x, y]: [11.0, 11.0]
INFO:root:Ep 29: Collision
INFO:root:Total_episodes: 29, Total_steps: 818, episode_steps: 27

INFO:root:Initializing new episode ...
INFO:root:Ep 30 robot pose [x,y,yaw]: [4.5, -4.5, 0]
INFO:root:Ep 30 goal pose [x, y]: [11.0, 11.0]
INFO:root:Ep 30: Collision
INFO:root:Total_episodes: 30, Total_steps: 839, episode_steps: 21

INFO:root:Initializing new episode ...
INFO:root:Ep 31 robot pose [x,y,yaw]: [4.5, -4.5, 0]
INFO:root:Ep 31 goal pose [x, y]: [11.0, 11.0]
INFO:root:Ep 31: Collision
INFO:root:Total_episodes: 31, Total_steps: 864, episode_steps: 25

INFO:root:Initializing new episode ...
INFO:root:Ep 32 robot pose [x,y,yaw]: [4.5, -4.5, 0]
INFO:root:Ep 32 goal pose [x, y]: [11.0, 11.0]
INFO:root:Ep 32: Collision
INFO:root:Total_episodes: 32, Total_steps: 997, episode_steps: 133

INFO:root:Initializing new episode ...
INFO:root:Ep 33 robot pose [x,y,yaw]: [4.5, -4.5, 0]
INFO:root:Ep 33 goal pose [x, y]: [11.0, 11.0]
INFO:root:Ep 33: Collision
INFO:root:Total_episodes: 33, Total_steps: 1026, episode_steps: 29

INFO:root:Initializing new episode ...
INFO:root:Ep 34 robot pose [x,y,yaw]: [4.5, -4.5, 0]
INFO:root:Ep 34 goal pose [x, y]: [11.0, 11.0]
INFO:root:Ep 34: Collision
INFO:root:Total_episodes: 34, Total_steps: 1061, episode_steps: 35

INFO:root:Initializing new episode ...
INFO:root:Ep 35 robot pose [x,y,yaw]: [4.5, -4.5, 0]
INFO:root:Ep 35 goal pose [x, y]: [11.0, 11.0]
INFO:root:Ep 35: Collision
INFO:root:Total_episodes: 35, Total_steps: 1084, episode_steps: 23

INFO:root:Initializing new episode ...
INFO:root:Ep 36 robot pose [x,y,yaw]: [4.5, -4.5, 0]
INFO:root:Ep 36 goal pose [x, y]: [11.0, 11.0]
INFO:root:Ep 36: Collision
INFO:root:Total_episodes: 36, Total_steps: 1131, episode_steps: 47

INFO:root:Initializing new episode ...
INFO:root:Ep 37 robot pose [x,y,yaw]: [4.5, -4.5, 0]
INFO:root:Ep 37 goal pose [x, y]: [11.0, 11.0]
INFO:root:Ep 37: Collision
INFO:root:Total_episodes: 37, Total_steps: 1176, episode_steps: 45

INFO:root:Initializing new episode ...
INFO:root:Ep 38 robot pose [x,y,yaw]: [4.5, -4.5, 0]
INFO:root:Ep 38 goal pose [x, y]: [11.0, 11.0]
INFO:root:Ep 38: Collision
INFO:root:Total_episodes: 38, Total_steps: 1266, episode_steps: 90

INFO:root:Initializing new episode ...
INFO:root:Ep 39 robot pose [x,y,yaw]: [4.5, -4.5, 0]
INFO:root:Ep 39 goal pose [x, y]: [11.0, 11.0]
INFO:root:Ep 39: Collision
INFO:root:Total_episodes: 39, Total_steps: 1551, episode_steps: 285

INFO:root:Initializing new episode ...
INFO:root:Ep 40 robot pose [x,y,yaw]: [4.5, -4.5, 0]
INFO:root:Ep 40 goal pose [x, y]: [11.0, 11.0]
INFO:root:Ep 40: Collision
INFO:root:Total_episodes: 40, Total_steps: 2486, episode_steps: 935

INFO:root:Initializing new episode ...
INFO:root:Ep 41 robot pose [x,y,yaw]: [4.5, -4.5, 0]
INFO:root:Ep 41 goal pose [x, y]: [11.0, 11.0]
INFO:root:Ep 41: Collision
INFO:root:Total_episodes: 41, Total_steps: 2667, episode_steps: 181

INFO:root:Initializing new episode ...
INFO:root:Ep 42 robot pose [x,y,yaw]: [4.5, -4.5, 0]
INFO:root:Ep 42 goal pose [x, y]: [11.0, 11.0]
INFO:root:Ep 42: Collision
INFO:root:Total_episodes: 42, Total_steps: 3124, episode_steps: 457

INFO:root:Initializing new episode ...
INFO:root:Ep 43 robot pose [x,y,yaw]: [4.5, -4.5, 0]
INFO:root:Ep 43 goal pose [x, y]: [11.0, 11.0]
INFO:root:Ep 43: Collision
INFO:root:Total_episodes: 43, Total_steps: 3384, episode_steps: 260

INFO:root:Initializing new episode ...
INFO:root:Ep 44 robot pose [x,y,yaw]: [4.5, -4.5, 0]
INFO:root:Ep 44 goal pose [x, y]: [11.0, 11.0]
INFO:root:Ep 44: Collision
INFO:root:Total_episodes: 44, Total_steps: 3750, episode_steps: 366

INFO:root:Initializing new episode ...
INFO:root:Ep 45 robot pose [x,y,yaw]: [4.5, -4.5, 0]
INFO:root:Ep 45 goal pose [x, y]: [11.0, 11.0]
INFO:root:Ep 45: Collision
INFO:root:Total_episodes: 45, Total_steps: 4012, episode_steps: 262

INFO:root:Initializing new episode ...
INFO:root:Ep 46 robot pose [x,y,yaw]: [4.5, -4.5, 0]
INFO:root:Ep 46 goal pose [x, y]: [11.0, 11.0]
INFO:root:Ep 46: Collision
INFO:root:Total_episodes: 46, Total_steps: 4405, episode_steps: 393

INFO:root:Initializing new episode ...
INFO:root:Ep 47 robot pose [x,y,yaw]: [4.5, -4.5, 0]
INFO:root:Ep 47 goal pose [x, y]: [11.0, 11.0]
INFO:root:Ep 47: Collision
INFO:root:Total_episodes: 47, Total_steps: 4696, episode_steps: 291

INFO:root:Initializing new episode ...
INFO:root:Ep 48 robot pose [x,y,yaw]: [4.5, -4.5, 0]
INFO:root:Ep 48 goal pose [x, y]: [11.0, 11.0]
INFO:root:Ep 48: Collision
INFO:root:Total_episodes: 48, Total_steps: 5128, episode_steps: 432

INFO:root:Initializing new episode ...
INFO:root:Ep 49 robot pose [x,y,yaw]: [4.5, -4.5, 0]
INFO:root:Ep 49 goal pose [x, y]: [11.0, 11.0]
INFO:root:Ep 49: Collision
INFO:root:Total_episodes: 49, Total_steps: 5979, episode_steps: 851

INFO:root:Initializing new episode ...
INFO:root:Ep 50 robot pose [x,y,yaw]: [4.5, -4.5, 0]
INFO:root:Ep 50 goal pose [x, y]: [11.0, 11.0]
INFO:root:Ep 50: Collision
INFO:root:Total_episodes: 50, Total_steps: 6215, episode_steps: 236

INFO:root:Initializing new episode ...
INFO:root:Ep 51 robot pose [x,y,yaw]: [4.5, -4.5, 0]
INFO:root:Ep 51 goal pose [x, y]: [11.0, 11.0]
INFO:root:Ep 51: Collision
INFO:root:Total_episodes: 51, Total_steps: 6705, episode_steps: 490

INFO:root:Initializing new episode ...
INFO:root:Ep 52 robot pose [x,y,yaw]: [4.5, -4.5, 0]
INFO:root:Ep 52 goal pose [x, y]: [11.0, 11.0]
INFO:root:Ep 52: Collision
INFO:root:Total_episodes: 52, Total_steps: 6748, episode_steps: 43

INFO:root:Initializing new episode ...
INFO:root:Ep 53 robot pose [x,y,yaw]: [4.5, -4.5, 0]
INFO:root:Ep 53 goal pose [x, y]: [11.0, 11.0]
INFO:root:Ep 53: Collision
INFO:root:Total_episodes: 53, Total_steps: 7225, episode_steps: 477

INFO:root:Initializing new episode ...
INFO:root:Ep 54 robot pose [x,y,yaw]: [4.5, -4.5, 0]
INFO:root:Ep 54 goal pose [x, y]: [11.0, 11.0]
INFO:root:Ep 54: Collision
INFO:root:Total_episodes: 54, Total_steps: 7549, episode_steps: 324

INFO:root:Initializing new episode ...
INFO:root:Ep 55 robot pose [x,y,yaw]: [4.5, -4.5, 0]
INFO:root:Ep 55 goal pose [x, y]: [11.0, 11.0]
INFO:root:Ep 55: Timeout
INFO:root:Total_episodes: 55, Total_steps: 8799, episode_steps: 1250

INFO:root:Initializing new episode ...
INFO:root:Ep 56 robot pose [x,y,yaw]: [4.5, -4.5, 0]
INFO:root:Ep 56 goal pose [x, y]: [11.0, 11.0]
INFO:root:Ep 56: Collision
INFO:root:Total_episodes: 56, Total_steps: 9224, episode_steps: 425

INFO:root:Initializing new episode ...
INFO:root:Ep 57 robot pose [x,y,yaw]: [4.5, -4.5, 0]
INFO:root:Ep 57 goal pose [x, y]: [11.0, 11.0]
INFO:root:Ep 57: Collision
INFO:root:Total_episodes: 57, Total_steps: 9420, episode_steps: 196

INFO:root:Initializing new episode ...
INFO:root:Ep 58 robot pose [x,y,yaw]: [4.5, -4.5, 0]
INFO:root:Ep 58 goal pose [x, y]: [11.0, 11.0]
INFO:root:Ep 58: Collision
INFO:root:Total_episodes: 58, Total_steps: 9584, episode_steps: 164

INFO:root:Initializing new episode ...
INFO:root:Ep 59 robot pose [x,y,yaw]: [4.5, -4.5, 0]
INFO:root:Ep 59 goal pose [x, y]: [11.0, 11.0]
INFO:root:Ep 59: Collision
INFO:root:Total_episodes: 59, Total_steps: 9772, episode_steps: 188

INFO:root:Initializing new episode ...
INFO:root:Ep 60 robot pose [x,y,yaw]: [4.5, -4.5, 0]
INFO:root:Ep 60 goal pose [x, y]: [11.0, 11.0]
INFO:root:Ep 60: Collision
INFO:root:Total_episodes: 60, Total_steps: 10298, episode_steps: 526

INFO:root:Initializing new episode ...
INFO:root:Ep 61 robot pose [x,y,yaw]: [4.5, -4.5, 0]
INFO:root:Ep 61 goal pose [x, y]: [11.0, 11.0]
INFO:root:Ep 61: Collision
INFO:root:Total_episodes: 61, Total_steps: 10494, episode_steps: 196

INFO:root:Initializing new episode ...
INFO:root:Ep 62 robot pose [x,y,yaw]: [4.5, -4.5, 0]
INFO:root:Ep 62 goal pose [x, y]: [11.0, 11.0]
INFO:root:Ep 62: Collision
INFO:root:Total_episodes: 62, Total_steps: 10826, episode_steps: 332

INFO:root:Initializing new episode ...
INFO:root:Ep 63 robot pose [x,y,yaw]: [4.5, -4.5, 0]
INFO:root:Ep 63 goal pose [x, y]: [11.0, 11.0]
INFO:root:Ep 63: Collision
INFO:root:Total_episodes: 63, Total_steps: 10851, episode_steps: 25

INFO:root:Initializing new episode ...
INFO:root:Ep 64 robot pose [x,y,yaw]: [4.5, -4.5, 0]
INFO:root:Ep 64 goal pose [x, y]: [11.0, 11.0]
INFO:root:Ep 64: Collision
INFO:root:Total_episodes: 64, Total_steps: 11666, episode_steps: 815

INFO:root:Initializing new episode ...
INFO:root:Ep 65 robot pose [x,y,yaw]: [4.5, -4.5, 0]
INFO:root:Ep 65 goal pose [x, y]: [11.0, 11.0]
INFO:root:Ep 65: Collision
INFO:root:Total_episodes: 65, Total_steps: 11926, episode_steps: 260

INFO:root:Initializing new episode ...
INFO:root:Ep 66 robot pose [x,y,yaw]: [4.5, -4.5, 0]
INFO:root:Ep 66 goal pose [x, y]: [11.0, 11.0]
INFO:root:Ep 66: Collision
INFO:root:Total_episodes: 66, Total_steps: 12191, episode_steps: 265

INFO:root:Initializing new episode ...
INFO:root:Ep 67 robot pose [x,y,yaw]: [4.5, -4.5, 0]
INFO:root:Ep 67 goal pose [x, y]: [11.0, 11.0]
INFO:root:Ep 67: Collision
INFO:root:Total_episodes: 67, Total_steps: 12650, episode_steps: 459

INFO:root:Initializing new episode ...
INFO:root:Ep 68 robot pose [x,y,yaw]: [4.5, -4.5, 0]
INFO:root:Ep 68 goal pose [x, y]: [11.0, 11.0]
INFO:root:Ep 68: Collision
INFO:root:Total_episodes: 68, Total_steps: 12894, episode_steps: 244

INFO:root:Initializing new episode ...
INFO:root:Ep 69 robot pose [x,y,yaw]: [4.5, -4.5, 0]
INFO:root:Ep 69 goal pose [x, y]: [11.0, 11.0]
INFO:root:Ep 69: Collision
INFO:root:Total_episodes: 69, Total_steps: 13061, episode_steps: 167

INFO:root:Initializing new episode ...
INFO:root:Ep 70 robot pose [x,y,yaw]: [4.5, -4.5, 0]
INFO:root:Ep 70 goal pose [x, y]: [11.0, 11.0]
INFO:root:Ep 70: Collision
INFO:root:Total_episodes: 70, Total_steps: 13101, episode_steps: 40

INFO:root:Initializing new episode ...
INFO:root:Ep 71 robot pose [x,y,yaw]: [4.5, -4.5, 0]
INFO:root:Ep 71 goal pose [x, y]: [11.0, 11.0]
INFO:root:Ep 71: Collision
INFO:root:Total_episodes: 71, Total_steps: 13315, episode_steps: 214

INFO:root:Initializing new episode ...
INFO:root:Ep 72 robot pose [x,y,yaw]: [4.5, -4.5, 0]
INFO:root:Ep 72 goal pose [x, y]: [11.0, 11.0]
INFO:root:Ep 72: Collision
INFO:root:Total_episodes: 72, Total_steps: 13487, episode_steps: 172

INFO:root:Initializing new episode ...
INFO:root:Ep 73 robot pose [x,y,yaw]: [4.5, -4.5, 0]
INFO:root:Ep 73 goal pose [x, y]: [11.0, 11.0]
INFO:root:Ep 73: Collision
INFO:root:Total_episodes: 73, Total_steps: 13610, episode_steps: 123

INFO:root:Initializing new episode ...
INFO:root:Ep 74 robot pose [x,y,yaw]: [4.5, -4.5, 0]
INFO:root:Ep 74 goal pose [x, y]: [11.0, 11.0]
INFO:root:Ep 74: Collision
INFO:root:Total_episodes: 74, Total_steps: 13865, episode_steps: 255

INFO:root:Initializing new episode ...
INFO:root:Ep 75 robot pose [x,y,yaw]: [4.5, -4.5, 0]
INFO:root:Ep 75 goal pose [x, y]: [11.0, 11.0]
INFO:root:Ep 75: Collision
INFO:root:Total_episodes: 75, Total_steps: 14346, episode_steps: 481

INFO:root:Initializing new episode ...
INFO:root:Ep 76 robot pose [x,y,yaw]: [4.5, -4.5, 0]
INFO:root:Ep 76 goal pose [x, y]: [11.0, 11.0]
INFO:root:Ep 76: Collision
INFO:root:Total_episodes: 76, Total_steps: 14693, episode_steps: 347

INFO:root:Initializing new episode ...
INFO:root:Ep 77 robot pose [x,y,yaw]: [4.5, -4.5, 0]
INFO:root:Ep 77 goal pose [x, y]: [11.0, 11.0]
INFO:root:Ep 77: Collision
INFO:root:Total_episodes: 77, Total_steps: 15159, episode_steps: 466

INFO:root:Initializing new episode ...
INFO:root:Ep 78 robot pose [x,y,yaw]: [4.5, -4.5, 0]
INFO:root:Ep 78 goal pose [x, y]: [11.0, 11.0]
INFO:root:Ep 78: Collision
INFO:root:Total_episodes: 78, Total_steps: 15198, episode_steps: 39

INFO:root:Initializing new episode ...
INFO:root:Ep 79 robot pose [x,y,yaw]: [4.5, -4.5, 0]
INFO:root:Ep 79 goal pose [x, y]: [11.0, 11.0]
INFO:root:Ep 79: Collision
INFO:root:Total_episodes: 79, Total_steps: 15437, episode_steps: 239

INFO:root:Initializing new episode ...
INFO:root:Ep 80 robot pose [x,y,yaw]: [4.5, -4.5, 0]
INFO:root:Ep 80 goal pose [x, y]: [11.0, 11.0]
INFO:root:Ep 80: Collision
INFO:root:Total_episodes: 80, Total_steps: 15775, episode_steps: 338

INFO:root:Initializing new episode ...
INFO:root:Ep 81 robot pose [x,y,yaw]: [4.5, -4.5, 0]
INFO:root:Ep 81 goal pose [x, y]: [11.0, 11.0]
INFO:root:Ep 81: Collision
INFO:root:Total_episodes: 81, Total_steps: 15956, episode_steps: 181

INFO:root:Initializing new episode ...
INFO:root:Ep 82 robot pose [x,y,yaw]: [4.5, -4.5, 0]
INFO:root:Ep 82 goal pose [x, y]: [11.0, 11.0]
INFO:root:Ep 82: Collision
INFO:root:Total_episodes: 82, Total_steps: 16136, episode_steps: 180

INFO:root:Initializing new episode ...
INFO:root:Ep 83 robot pose [x,y,yaw]: [4.5, -4.5, 0]
INFO:root:Ep 83 goal pose [x, y]: [11.0, 11.0]
INFO:root:Ep 83: Collision
INFO:root:Total_episodes: 83, Total_steps: 16732, episode_steps: 596

INFO:root:Initializing new episode ...
INFO:root:Ep 84 robot pose [x,y,yaw]: [4.5, -4.5, 0]
INFO:root:Ep 84 goal pose [x, y]: [11.0, 11.0]
INFO:root:Ep 84: Collision
INFO:root:Total_episodes: 84, Total_steps: 17105, episode_steps: 373

INFO:root:Initializing new episode ...
INFO:root:Ep 85 robot pose [x,y,yaw]: [4.5, -4.5, 0]
INFO:root:Ep 85 goal pose [x, y]: [11.0, 11.0]
INFO:root:Ep 85: Collision
INFO:root:Total_episodes: 85, Total_steps: 17154, episode_steps: 49

INFO:root:Initializing new episode ...
INFO:root:Ep 86 robot pose [x,y,yaw]: [4.5, -4.5, 0]
INFO:root:Ep 86 goal pose [x, y]: [11.0, 11.0]
INFO:root:Ep 86: Collision
INFO:root:Total_episodes: 86, Total_steps: 17438, episode_steps: 284

INFO:root:Initializing new episode ...
INFO:root:Ep 87 robot pose [x,y,yaw]: [4.5, -4.5, 0]
INFO:root:Ep 87 goal pose [x, y]: [11.0, 11.0]
INFO:root:Ep 87: Collision
INFO:root:Total_episodes: 87, Total_steps: 17973, episode_steps: 535

INFO:root:Initializing new episode ...
INFO:root:Ep 88 robot pose [x,y,yaw]: [4.5, -4.5, 0]
INFO:root:Ep 88 goal pose [x, y]: [11.0, 11.0]
INFO:root:Ep 88: Collision
INFO:root:Total_episodes: 88, Total_steps: 18098, episode_steps: 125

INFO:root:Initializing new episode ...
INFO:root:Ep 89 robot pose [x,y,yaw]: [4.5, -4.5, 0]
INFO:root:Ep 89 goal pose [x, y]: [11.0, 11.0]
INFO:root:Ep 89: Collision
INFO:root:Total_episodes: 89, Total_steps: 18289, episode_steps: 191

INFO:root:Initializing new episode ...
INFO:root:Ep 90 robot pose [x,y,yaw]: [4.5, -4.5, 0]
INFO:root:Ep 90 goal pose [x, y]: [11.0, 11.0]
INFO:root:Ep 90: Collision
INFO:root:Total_episodes: 90, Total_steps: 18722, episode_steps: 433

INFO:root:Initializing new episode ...
INFO:root:Ep 91 robot pose [x,y,yaw]: [4.5, -4.5, 0]
INFO:root:Ep 91 goal pose [x, y]: [11.0, 11.0]
INFO:root:Ep 91: Timeout
INFO:root:Total_episodes: 91, Total_steps: 19972, episode_steps: 1250

INFO:root:Initializing new episode ...
INFO:root:Ep 92 robot pose [x,y,yaw]: [4.5, -4.5, 0]
INFO:root:Ep 92 goal pose [x, y]: [11.0, 11.0]
INFO:root:Ep 92: Collision
INFO:root:Total_episodes: 92, Total_steps: 20284, episode_steps: 312

INFO:root:Initializing new episode ...
INFO:root:Ep 93 robot pose [x,y,yaw]: [4.5, -4.5, 0]
INFO:root:Ep 93 goal pose [x, y]: [11.0, 11.0]
INFO:root:Ep 93: Collision
INFO:root:Total_episodes: 93, Total_steps: 20441, episode_steps: 157

INFO:root:Initializing new episode ...
INFO:root:Ep 94 robot pose [x,y,yaw]: [4.5, -4.5, 0]
INFO:root:Ep 94 goal pose [x, y]: [11.0, 11.0]
INFO:root:Ep 94: Collision
INFO:root:Total_episodes: 94, Total_steps: 20502, episode_steps: 61

INFO:root:Initializing new episode ...
INFO:root:Ep 95 robot pose [x,y,yaw]: [4.5, -4.5, 0]
INFO:root:Ep 95 goal pose [x, y]: [11.0, 11.0]
INFO:root:Ep 95: Collision
INFO:root:Total_episodes: 95, Total_steps: 20741, episode_steps: 239

INFO:root:Initializing new episode ...
INFO:root:Ep 96 robot pose [x,y,yaw]: [4.5, -4.5, 0]
INFO:root:Ep 96 goal pose [x, y]: [11.0, 11.0]
INFO:root:Ep 96: Collision
INFO:root:Total_episodes: 96, Total_steps: 20809, episode_steps: 68

INFO:root:Initializing new episode ...
INFO:root:Ep 97 robot pose [x,y,yaw]: [4.5, -4.5, 0]
INFO:root:Ep 97 goal pose [x, y]: [11.0, 11.0]
INFO:root:Ep 97: Collision
INFO:root:Total_episodes: 97, Total_steps: 21519, episode_steps: 710

INFO:root:Initializing new episode ...
INFO:root:Ep 98 robot pose [x,y,yaw]: [4.5, -4.5, 0]
INFO:root:Ep 98 goal pose [x, y]: [11.0, 11.0]
INFO:root:Ep 98: Collision
INFO:root:Total_episodes: 98, Total_steps: 21780, episode_steps: 261

INFO:root:Initializing new episode ...
INFO:root:Ep 99 robot pose [x,y,yaw]: [4.5, -4.5, 0]
INFO:root:Ep 99 goal pose [x, y]: [11.0, 11.0]
INFO:root:Ep 99: Collision
INFO:root:Total_episodes: 99, Total_steps: 22596, episode_steps: 816

INFO:root:Initializing new episode ...
INFO:root:Ep 100 robot pose [x,y,yaw]: [4.5, -4.5, 0]
INFO:root:Ep 100 goal pose [x, y]: [11.0, 11.0]
INFO:root:Ep 100: Collision
INFO:root:Total_episodes: 100, Total_steps: 22733, episode_steps: 137

INFO:root:Initializing new episode ...
INFO:root:Ep 101 robot pose [x,y,yaw]: [4.5, -4.5, 0]
INFO:root:Ep 101 goal pose [x, y]: [11.0, 11.0]
INFO:root:Ep 101: Collision
INFO:root:Total_episodes: 101, Total_steps: 23043, episode_steps: 310

INFO:root:Initializing new episode ...
INFO:root:Ep 102 robot pose [x,y,yaw]: [4.5, -4.5, 0]
INFO:root:Ep 102 goal pose [x, y]: [11.0, 11.0]
INFO:root:Ep 102: Collision
INFO:root:Total_episodes: 102, Total_steps: 23843, episode_steps: 800

INFO:root:Initializing new episode ...
INFO:root:Ep 103 robot pose [x,y,yaw]: [4.5, -4.5, 0]
INFO:root:Ep 103 goal pose [x, y]: [11.0, 11.0]
INFO:root:Ep 103: Collision
INFO:root:Total_episodes: 103, Total_steps: 24106, episode_steps: 263

INFO:root:Initializing new episode ...
INFO:root:Ep 104 robot pose [x,y,yaw]: [4.5, -4.5, 0]
INFO:root:Ep 104 goal pose [x, y]: [11.0, 11.0]
INFO:root:Ep 104: Collision
INFO:root:Total_episodes: 104, Total_steps: 24284, episode_steps: 178

INFO:root:Initializing new episode ...
INFO:root:Ep 105 robot pose [x,y,yaw]: [4.5, -4.5, 0]
INFO:root:Ep 105 goal pose [x, y]: [11.0, 11.0]
INFO:root:Ep 105: Collision
INFO:root:Total_episodes: 105, Total_steps: 24715, episode_steps: 431

INFO:root:Initializing new episode ...
INFO:root:Ep 106 robot pose [x,y,yaw]: [4.5, -4.5, 0]
INFO:root:Ep 106 goal pose [x, y]: [11.0, 11.0]
INFO:root:Ep 106: Collision
INFO:root:Total_episodes: 106, Total_steps: 25960, episode_steps: 1245

INFO:root:Initializing new episode ...
INFO:root:Ep 107 robot pose [x,y,yaw]: [4.5, -4.5, 0]
INFO:root:Ep 107 goal pose [x, y]: [11.0, 11.0]
INFO:root:Ep 107: Collision
INFO:root:Total_episodes: 107, Total_steps: 26273, episode_steps: 313

INFO:root:Initializing new episode ...
INFO:root:Ep 108 robot pose [x,y,yaw]: [4.5, -4.5, 0]
INFO:root:Ep 108 goal pose [x, y]: [11.0, 11.0]
INFO:root:Ep 108: Collision
INFO:root:Total_episodes: 108, Total_steps: 26860, episode_steps: 587

INFO:root:Initializing new episode ...
INFO:root:Ep 109 robot pose [x,y,yaw]: [4.5, -4.5, 0]
INFO:root:Ep 109 goal pose [x, y]: [11.0, 11.0]
INFO:root:Ep 109: Collision
INFO:root:Total_episodes: 109, Total_steps: 27008, episode_steps: 148

INFO:root:Initializing new episode ...
INFO:root:Ep 110 robot pose [x,y,yaw]: [4.5, -4.5, 0]
INFO:root:Ep 110 goal pose [x, y]: [11.0, 11.0]
INFO:root:Ep 110: Collision
INFO:root:Total_episodes: 110, Total_steps: 28028, episode_steps: 1020

INFO:root:Initializing new episode ...
INFO:root:Ep 111 robot pose [x,y,yaw]: [4.5, -4.5, 0]
INFO:root:Ep 111 goal pose [x, y]: [11.0, 11.0]
INFO:root:Ep 111: Timeout
INFO:root:Total_episodes: 111, Total_steps: 29278, episode_steps: 1250

INFO:root:Initializing new episode ...
INFO:root:Ep 112 robot pose [x,y,yaw]: [4.5, -4.5, 0]
INFO:root:Ep 112 goal pose [x, y]: [11.0, 11.0]
INFO:root:Ep 112: Collision
INFO:root:Total_episodes: 112, Total_steps: 29628, episode_steps: 350

INFO:root:Initializing new episode ...
INFO:root:Ep 113 robot pose [x,y,yaw]: [4.5, -4.5, 0]
INFO:root:Ep 113 goal pose [x, y]: [11.0, 11.0]
INFO:root:Ep 113: Collision
INFO:root:Total_episodes: 113, Total_steps: 30095, episode_steps: 467

INFO:root:Initializing new episode ...
INFO:root:Ep 114 robot pose [x,y,yaw]: [4.5, -4.5, 0]
INFO:root:Ep 114 goal pose [x, y]: [11.0, 11.0]
INFO:root:Ep 114: Collision
INFO:root:Total_episodes: 114, Total_steps: 30432, episode_steps: 337

INFO:root:Initializing new episode ...
INFO:root:Ep 115 robot pose [x,y,yaw]: [4.5, -4.5, 0]
INFO:root:Ep 115 goal pose [x, y]: [11.0, 11.0]
INFO:root:Ep 115: Collision
INFO:root:Total_episodes: 115, Total_steps: 30919, episode_steps: 487

INFO:root:Initializing new episode ...
INFO:root:Ep 116 robot pose [x,y,yaw]: [4.5, -4.5, 0]
INFO:root:Ep 116 goal pose [x, y]: [11.0, 11.0]
INFO:root:Ep 116: Collision
INFO:root:Total_episodes: 116, Total_steps: 31058, episode_steps: 139

INFO:root:Initializing new episode ...
INFO:root:Ep 117 robot pose [x,y,yaw]: [4.5, -4.5, 0]
INFO:root:Ep 117 goal pose [x, y]: [11.0, 11.0]
INFO:root:Ep 117: Collision
INFO:root:Total_episodes: 117, Total_steps: 31688, episode_steps: 630

INFO:root:Initializing new episode ...
INFO:root:Ep 118 robot pose [x,y,yaw]: [4.5, -4.5, 0]
INFO:root:Ep 118 goal pose [x, y]: [11.0, 11.0]
INFO:root:Ep 118: Collision
INFO:root:Total_episodes: 118, Total_steps: 31891, episode_steps: 203

INFO:root:Initializing new episode ...
INFO:root:Ep 119 robot pose [x,y,yaw]: [4.5, -4.5, 0]
INFO:root:Ep 119 goal pose [x, y]: [11.0, 11.0]
INFO:root:Ep 119: Collision
INFO:root:Total_episodes: 119, Total_steps: 32720, episode_steps: 829

INFO:root:Initializing new episode ...
INFO:root:Ep 120 robot pose [x,y,yaw]: [4.5, -4.5, 0]
INFO:root:Ep 120 goal pose [x, y]: [11.0, 11.0]
INFO:root:Ep 120: Collision
INFO:root:Total_episodes: 120, Total_steps: 33171, episode_steps: 451

INFO:root:Initializing new episode ...
INFO:root:Ep 121 robot pose [x,y,yaw]: [4.5, -4.5, 0]
INFO:root:Ep 121 goal pose [x, y]: [11.0, 11.0]
INFO:root:Ep 121: Collision
INFO:root:Total_episodes: 121, Total_steps: 33716, episode_steps: 545

INFO:root:Initializing new episode ...
INFO:root:Ep 122 robot pose [x,y,yaw]: [4.5, -4.5, 0]
INFO:root:Ep 122 goal pose [x, y]: [11.0, 11.0]
INFO:root:Ep 122: Collision
INFO:root:Total_episodes: 122, Total_steps: 34465, episode_steps: 749

INFO:root:Initializing new episode ...
INFO:root:Ep 123 robot pose [x,y,yaw]: [4.5, -4.5, 0]
INFO:root:Ep 123 goal pose [x, y]: [11.0, 11.0]
INFO:root:Ep 123: Collision
INFO:root:Total_episodes: 123, Total_steps: 34934, episode_steps: 469

INFO:root:Initializing new episode ...
INFO:root:Ep 124 robot pose [x,y,yaw]: [4.5, -4.5, 0]
INFO:root:Ep 124 goal pose [x, y]: [11.0, 11.0]
INFO:root:Ep 124: Collision
INFO:root:Total_episodes: 124, Total_steps: 35203, episode_steps: 269

INFO:root:Initializing new episode ...
INFO:root:Ep 125 robot pose [x,y,yaw]: [4.5, -4.5, 0]
INFO:root:Ep 125 goal pose [x, y]: [11.0, 11.0]
INFO:root:Ep 125: Collision
INFO:root:Total_episodes: 125, Total_steps: 35484, episode_steps: 281

INFO:root:Initializing new episode ...
INFO:root:Ep 126 robot pose [x,y,yaw]: [4.5, -4.5, 0]
INFO:root:Ep 126 goal pose [x, y]: [11.0, 11.0]
INFO:root:Ep 126: Collision
INFO:root:Total_episodes: 126, Total_steps: 35525, episode_steps: 41

INFO:root:Initializing new episode ...
INFO:root:Ep 127 robot pose [x,y,yaw]: [4.5, -4.5, 0]
INFO:root:Ep 127 goal pose [x, y]: [11.0, 11.0]
INFO:root:Ep 127: Collision
INFO:root:Total_episodes: 127, Total_steps: 35840, episode_steps: 315

INFO:root:Initializing new episode ...
INFO:root:Ep 128 robot pose [x,y,yaw]: [4.5, -4.5, 0]
INFO:root:Ep 128 goal pose [x, y]: [11.0, 11.0]
INFO:root:Ep 128: Collision
INFO:root:Total_episodes: 128, Total_steps: 35991, episode_steps: 151

INFO:root:Initializing new episode ...
INFO:root:Ep 129 robot pose [x,y,yaw]: [4.5, -4.5, 0]
INFO:root:Ep 129 goal pose [x, y]: [11.0, 11.0]
INFO:root:Ep 129: Collision
INFO:root:Total_episodes: 129, Total_steps: 36241, episode_steps: 250

INFO:root:Initializing new episode ...
INFO:root:Ep 130 robot pose [x,y,yaw]: [4.5, -4.5, 0]
INFO:root:Ep 130 goal pose [x, y]: [11.0, 11.0]
INFO:root:Ep 130: Collision
INFO:root:Total_episodes: 130, Total_steps: 36882, episode_steps: 641

INFO:root:Initializing new episode ...
INFO:root:Ep 131 robot pose [x,y,yaw]: [4.5, -4.5, 0]
INFO:root:Ep 131 goal pose [x, y]: [11.0, 11.0]
INFO:root:Ep 131: Collision
INFO:root:Total_episodes: 131, Total_steps: 36956, episode_steps: 74

INFO:root:Initializing new episode ...
INFO:root:Ep 132 robot pose [x,y,yaw]: [4.5, -4.5, 0]
INFO:root:Ep 132 goal pose [x, y]: [11.0, 11.0]
INFO:root:Ep 132: Collision
INFO:root:Total_episodes: 132, Total_steps: 37371, episode_steps: 415

INFO:root:Initializing new episode ...
INFO:root:Ep 133 robot pose [x,y,yaw]: [4.5, -4.5, 0]
INFO:root:Ep 133 goal pose [x, y]: [11.0, 11.0]
INFO:root:Ep 133: Collision
INFO:root:Total_episodes: 133, Total_steps: 37937, episode_steps: 566

INFO:root:Initializing new episode ...
INFO:root:Ep 134 robot pose [x,y,yaw]: [4.5, -4.5, 0]
INFO:root:Ep 134 goal pose [x, y]: [11.0, 11.0]
INFO:root:Ep 134: Collision
INFO:root:Total_episodes: 134, Total_steps: 38297, episode_steps: 360

INFO:root:Initializing new episode ...
INFO:root:Ep 135 robot pose [x,y,yaw]: [4.5, -4.5, 0]
INFO:root:Ep 135 goal pose [x, y]: [11.0, 11.0]
INFO:root:Ep 135: Collision
INFO:root:Total_episodes: 135, Total_steps: 38797, episode_steps: 500

INFO:root:Initializing new episode ...
INFO:root:Ep 136 robot pose [x,y,yaw]: [4.5, -4.5, 0]
INFO:root:Ep 136 goal pose [x, y]: [11.0, 11.0]
INFO:root:Ep 136: Collision
INFO:root:Total_episodes: 136, Total_steps: 39205, episode_steps: 408

INFO:root:Initializing new episode ...
INFO:root:Ep 137 robot pose [x,y,yaw]: [4.5, -4.5, 0]
INFO:root:Ep 137 goal pose [x, y]: [11.0, 11.0]
INFO:root:Ep 137: Collision
INFO:root:Total_episodes: 137, Total_steps: 39760, episode_steps: 555

INFO:root:Initializing new episode ...
INFO:root:Ep 138 robot pose [x,y,yaw]: [4.5, -4.5, 0]
INFO:root:Ep 138 goal pose [x, y]: [11.0, 11.0]
INFO:root:Ep 138: Collision
INFO:root:Total_episodes: 138, Total_steps: 39944, episode_steps: 184

INFO:root:Initializing new episode ...
INFO:root:Ep 139 robot pose [x,y,yaw]: [4.5, -4.5, 0]
INFO:root:Ep 139 goal pose [x, y]: [11.0, 11.0]
INFO:root:Ep 139: Collision
INFO:root:Total_episodes: 139, Total_steps: 40626, episode_steps: 682

INFO:root:Initializing new episode ...
INFO:root:Ep 140 robot pose [x,y,yaw]: [4.5, -4.5, 0]
INFO:root:Ep 140 goal pose [x, y]: [11.0, 11.0]
INFO:root:Ep 140: Collision
INFO:root:Total_episodes: 140, Total_steps: 40790, episode_steps: 164

INFO:root:Initializing new episode ...
INFO:root:Ep 141 robot pose [x,y,yaw]: [4.5, -4.5, 0]
INFO:root:Ep 141 goal pose [x, y]: [11.0, 11.0]
INFO:root:Ep 141: Collision
INFO:root:Total_episodes: 141, Total_steps: 40992, episode_steps: 202

INFO:root:Initializing new episode ...
INFO:root:Ep 142 robot pose [x,y,yaw]: [4.5, -4.5, 0]
INFO:root:Ep 142 goal pose [x, y]: [11.0, 11.0]
INFO:root:Ep 142: Timeout
INFO:root:Total_episodes: 142, Total_steps: 42242, episode_steps: 1250

INFO:root:Initializing new episode ...
INFO:root:Ep 143 robot pose [x,y,yaw]: [4.5, -4.5, 0]
INFO:root:Ep 143 goal pose [x, y]: [11.0, 11.0]
INFO:root:Ep 143: Collision
INFO:root:Total_episodes: 143, Total_steps: 42835, episode_steps: 593

INFO:root:Initializing new episode ...
INFO:root:Ep 144 robot pose [x,y,yaw]: [4.5, -4.5, 0]
INFO:root:Ep 144 goal pose [x, y]: [11.0, 11.0]
INFO:root:Ep 144: Collision
INFO:root:Total_episodes: 144, Total_steps: 43791, episode_steps: 956

INFO:root:Initializing new episode ...
INFO:root:Ep 145 robot pose [x,y,yaw]: [4.5, -4.5, 0]
INFO:root:Ep 145 goal pose [x, y]: [11.0, 11.0]
INFO:root:Ep 145: Collision
INFO:root:Total_episodes: 145, Total_steps: 43815, episode_steps: 24

INFO:root:Initializing new episode ...
INFO:root:Ep 146 robot pose [x,y,yaw]: [4.5, -4.5, 0]
INFO:root:Ep 146 goal pose [x, y]: [11.0, 11.0]
INFO:root:Ep 146: Collision
INFO:root:Total_episodes: 146, Total_steps: 44250, episode_steps: 435

INFO:root:Initializing new episode ...
INFO:root:Ep 147 robot pose [x,y,yaw]: [4.5, -4.5, 0]
INFO:root:Ep 147 goal pose [x, y]: [11.0, 11.0]
INFO:root:Ep 147: Collision
INFO:root:Total_episodes: 147, Total_steps: 44292, episode_steps: 42

INFO:root:Initializing new episode ...
INFO:root:Ep 148 robot pose [x,y,yaw]: [4.5, -4.5, 0]
INFO:root:Ep 148 goal pose [x, y]: [11.0, 11.0]
INFO:root:Ep 148: Collision
INFO:root:Total_episodes: 148, Total_steps: 44433, episode_steps: 141

INFO:root:Initializing new episode ...
INFO:root:Ep 149 robot pose [x,y,yaw]: [4.5, -4.5, 0]
INFO:root:Ep 149 goal pose [x, y]: [11.0, 11.0]
INFO:root:Ep 149: Collision
INFO:root:Total_episodes: 149, Total_steps: 44720, episode_steps: 287

INFO:root:Initializing new episode ...
INFO:root:Ep 150 robot pose [x,y,yaw]: [4.5, -4.5, 0]
INFO:root:Ep 150 goal pose [x, y]: [11.0, 11.0]
INFO:root:Ep 150: Collision
INFO:root:Total_episodes: 150, Total_steps: 45779, episode_steps: 1059

INFO:root:Initializing new episode ...
INFO:root:Ep 151 robot pose [x,y,yaw]: [4.5, -4.5, 0]
INFO:root:Ep 151 goal pose [x, y]: [11.0, 11.0]
INFO:root:Ep 151: Collision
INFO:root:Total_episodes: 151, Total_steps: 46537, episode_steps: 758

INFO:root:Initializing new episode ...
INFO:root:Ep 152 robot pose [x,y,yaw]: [4.5, -4.5, 0]
INFO:root:Ep 152 goal pose [x, y]: [11.0, 11.0]
INFO:root:Ep 152: Collision
INFO:root:Total_episodes: 152, Total_steps: 46792, episode_steps: 255

INFO:root:Initializing new episode ...
INFO:root:Ep 153 robot pose [x,y,yaw]: [4.5, -4.5, 0]
INFO:root:Ep 153 goal pose [x, y]: [11.0, 11.0]
INFO:root:Ep 153: Collision
INFO:root:Total_episodes: 153, Total_steps: 47725, episode_steps: 933

INFO:root:Initializing new episode ...
INFO:root:Ep 154 robot pose [x,y,yaw]: [4.5, -4.5, 0]
INFO:root:Ep 154 goal pose [x, y]: [11.0, 11.0]
INFO:root:Ep 154: Timeout
INFO:root:Total_episodes: 154, Total_steps: 48975, episode_steps: 1250

INFO:root:Initializing new episode ...
INFO:root:Ep 155 robot pose [x,y,yaw]: [4.5, -4.5, 0]
INFO:root:Ep 155 goal pose [x, y]: [11.0, 11.0]
INFO:root:Ep 155: Collision
INFO:root:Total_episodes: 155, Total_steps: 49184, episode_steps: 209

INFO:root:Initializing new episode ...
INFO:root:Ep 156 robot pose [x,y,yaw]: [4.5, -4.5, 0]
INFO:root:Ep 156 goal pose [x, y]: [11.0, 11.0]
INFO:root:Ep 156: Collision
INFO:root:Total_episodes: 156, Total_steps: 49747, episode_steps: 563

INFO:root:Initializing new episode ...
INFO:root:Ep 157 robot pose [x,y,yaw]: [4.5, -4.5, 0]
INFO:root:Ep 157 goal pose [x, y]: [11.0, 11.0]
INFO:root:Total_episodes: 156 evaluation episode, Total_steps: 50000, episode_steps: 253

INFO:root:Initializing new episode ...
INFO:root:Ep evaluate robot pose [x,y,yaw]: [4.5, -4.5, 0]
INFO:root:Ep evaluate goal pose [x, y]: [11.0, 11.0]
INFO:root:Ep evaluate: Timeout
INFO:root:Total_episodes: 156 evaluation episode, Total_steps: 50000, episode_steps: 1250

INFO:root:Initializing new episode ...
INFO:root:Ep evaluate robot pose [x,y,yaw]: [4.5, -4.5, 0]
INFO:root:Ep evaluate goal pose [x, y]: [11.0, 11.0]
INFO:root:Ep evaluate: Timeout
INFO:root:Total_episodes: 156, Total_steps: 50000, episode_steps: 1250

INFO:root:Initializing new episode ...
INFO:root:Ep 157 robot pose [x,y,yaw]: [4.5, -4.5, 0]
INFO:root:Ep 157 goal pose [x, y]: [11.0, 11.0]
INFO:root:Ep 157: Collision
INFO:root:Total_episodes: 157, Total_steps: 50168, episode_steps: 421

INFO:root:Initializing new episode ...
INFO:root:Ep 158 robot pose [x,y,yaw]: [4.5, -4.5, 0]
INFO:root:Ep 158 goal pose [x, y]: [11.0, 11.0]
INFO:root:Ep 158: Collision
INFO:root:Total_episodes: 158, Total_steps: 51180, episode_steps: 1012

INFO:root:Initializing new episode ...
INFO:root:Ep 159 robot pose [x,y,yaw]: [4.5, -4.5, 0]
INFO:root:Ep 159 goal pose [x, y]: [11.0, 11.0]
INFO:root:Ep 159: Collision
INFO:root:Total_episodes: 159, Total_steps: 51781, episode_steps: 601

INFO:root:Initializing new episode ...
INFO:root:Ep 160 robot pose [x,y,yaw]: [4.5, -4.5, 0]
INFO:root:Ep 160 goal pose [x, y]: [11.0, 11.0]
INFO:root:Ep 160: Collision
INFO:root:Total_episodes: 160, Total_steps: 52670, episode_steps: 889

INFO:root:Initializing new episode ...
INFO:root:Ep 161 robot pose [x,y,yaw]: [4.5, -4.5, 0]
INFO:root:Ep 161 goal pose [x, y]: [11.0, 11.0]
INFO:root:Ep 161: Collision
INFO:root:Total_episodes: 161, Total_steps: 53006, episode_steps: 336

INFO:root:Initializing new episode ...
INFO:root:Ep 162 robot pose [x,y,yaw]: [4.5, -4.5, 0]
INFO:root:Ep 162 goal pose [x, y]: [11.0, 11.0]
INFO:root:Ep 162: Collision
INFO:root:Total_episodes: 162, Total_steps: 53072, episode_steps: 66

INFO:root:Initializing new episode ...
INFO:root:Ep 163 robot pose [x,y,yaw]: [4.5, -4.5, 0]
INFO:root:Ep 163 goal pose [x, y]: [11.0, 11.0]
INFO:root:Ep 163: Collision
INFO:root:Total_episodes: 163, Total_steps: 53635, episode_steps: 563

INFO:root:Initializing new episode ...
INFO:root:Ep 164 robot pose [x,y,yaw]: [4.5, -4.5, 0]
INFO:root:Ep 164 goal pose [x, y]: [11.0, 11.0]
INFO:root:Ep 164: Collision
INFO:root:Total_episodes: 164, Total_steps: 54631, episode_steps: 996

INFO:root:Initializing new episode ...
INFO:root:Ep 165 robot pose [x,y,yaw]: [4.5, -4.5, 0]
INFO:root:Ep 165 goal pose [x, y]: [11.0, 11.0]
INFO:root:Ep 165: Collision
INFO:root:Total_episodes: 165, Total_steps: 55858, episode_steps: 1227

INFO:root:Initializing new episode ...
INFO:root:Ep 166 robot pose [x,y,yaw]: [4.5, -4.5, 0]
INFO:root:Ep 166 goal pose [x, y]: [11.0, 11.0]
INFO:root:Ep 166: Collision
INFO:root:Total_episodes: 166, Total_steps: 56121, episode_steps: 263

INFO:root:Initializing new episode ...
INFO:root:Ep 167 robot pose [x,y,yaw]: [4.5, -4.5, 0]
INFO:root:Ep 167 goal pose [x, y]: [11.0, 11.0]
INFO:root:Ep 167: Collision
INFO:root:Total_episodes: 167, Total_steps: 56748, episode_steps: 627

INFO:root:Initializing new episode ...
INFO:root:Ep 168 robot pose [x,y,yaw]: [4.5, -4.5, 0]
INFO:root:Ep 168 goal pose [x, y]: [11.0, 11.0]
INFO:root:Ep 168: Collision
INFO:root:Total_episodes: 168, Total_steps: 57682, episode_steps: 934

INFO:root:Initializing new episode ...
INFO:root:Ep 169 robot pose [x,y,yaw]: [4.5, -4.5, 0]
INFO:root:Ep 169 goal pose [x, y]: [11.0, 11.0]
INFO:root:Ep 169: Collision
INFO:root:Total_episodes: 169, Total_steps: 57856, episode_steps: 174

INFO:root:Initializing new episode ...
INFO:root:Ep 170 robot pose [x,y,yaw]: [4.5, -4.5, 0]
INFO:root:Ep 170 goal pose [x, y]: [11.0, 11.0]
INFO:root:Ep 170: Timeout
INFO:root:Total_episodes: 170, Total_steps: 59106, episode_steps: 1250

INFO:root:Initializing new episode ...
INFO:root:Ep 171 robot pose [x,y,yaw]: [4.5, -4.5, 0]
INFO:root:Ep 171 goal pose [x, y]: [11.0, 11.0]
INFO:root:Ep 171: Collision
INFO:root:Total_episodes: 171, Total_steps: 60011, episode_steps: 905

INFO:root:Initializing new episode ...
INFO:root:Ep 172 robot pose [x,y,yaw]: [4.5, -4.5, 0]
INFO:root:Ep 172 goal pose [x, y]: [11.0, 11.0]
INFO:root:Ep 172: Collision
INFO:root:Total_episodes: 172, Total_steps: 60199, episode_steps: 188

INFO:root:Initializing new episode ...
INFO:root:Ep 173 robot pose [x,y,yaw]: [4.5, -4.5, 0]
INFO:root:Ep 173 goal pose [x, y]: [11.0, 11.0]
INFO:root:Ep 173: Collision
INFO:root:Total_episodes: 173, Total_steps: 60728, episode_steps: 529

INFO:root:Initializing new episode ...
INFO:root:Ep 174 robot pose [x,y,yaw]: [4.5, -4.5, 0]
INFO:root:Ep 174 goal pose [x, y]: [11.0, 11.0]
INFO:root:Ep 174: Collision
INFO:root:Total_episodes: 174, Total_steps: 61507, episode_steps: 779

INFO:root:Initializing new episode ...
INFO:root:Ep 175 robot pose [x,y,yaw]: [4.5, -4.5, 0]
INFO:root:Ep 175 goal pose [x, y]: [11.0, 11.0]
INFO:root:Ep 175: Timeout
INFO:root:Total_episodes: 175, Total_steps: 62757, episode_steps: 1250

INFO:root:Initializing new episode ...
INFO:root:Ep 176 robot pose [x,y,yaw]: [4.5, -4.5, 0]
INFO:root:Ep 176 goal pose [x, y]: [11.0, 11.0]
INFO:root:Ep 176: Collision
INFO:root:Total_episodes: 176, Total_steps: 63103, episode_steps: 346

INFO:root:Initializing new episode ...
INFO:root:Ep 177 robot pose [x,y,yaw]: [4.5, -4.5, 0]
INFO:root:Ep 177 goal pose [x, y]: [11.0, 11.0]
INFO:root:Ep 177: Collision
INFO:root:Total_episodes: 177, Total_steps: 63266, episode_steps: 163

INFO:root:Initializing new episode ...
INFO:root:Ep 178 robot pose [x,y,yaw]: [4.5, -4.5, 0]
INFO:root:Ep 178 goal pose [x, y]: [11.0, 11.0]
INFO:root:Ep 178: Collision
INFO:root:Total_episodes: 178, Total_steps: 63653, episode_steps: 387

INFO:root:Initializing new episode ...
INFO:root:Ep 179 robot pose [x,y,yaw]: [4.5, -4.5, 0]
INFO:root:Ep 179 goal pose [x, y]: [11.0, 11.0]
INFO:root:Ep 179: Collision
INFO:root:Total_episodes: 179, Total_steps: 63976, episode_steps: 323

INFO:root:Initializing new episode ...
INFO:root:Ep 180 robot pose [x,y,yaw]: [4.5, -4.5, 0]
INFO:root:Ep 180 goal pose [x, y]: [11.0, 11.0]
INFO:root:Ep 180: Collision
INFO:root:Total_episodes: 180, Total_steps: 64269, episode_steps: 293

INFO:root:Initializing new episode ...
INFO:root:Ep 181 robot pose [x,y,yaw]: [4.5, -4.5, 0]
INFO:root:Ep 181 goal pose [x, y]: [11.0, 11.0]
INFO:root:Ep 181: Collision
INFO:root:Total_episodes: 181, Total_steps: 64924, episode_steps: 655

INFO:root:Initializing new episode ...
INFO:root:Ep 182 robot pose [x,y,yaw]: [4.5, -4.5, 0]
INFO:root:Ep 182 goal pose [x, y]: [11.0, 11.0]
INFO:root:Ep 182: Collision
INFO:root:Total_episodes: 182, Total_steps: 66003, episode_steps: 1079

INFO:root:Initializing new episode ...
INFO:root:Ep 183 robot pose [x,y,yaw]: [4.5, -4.5, 0]
INFO:root:Ep 183 goal pose [x, y]: [11.0, 11.0]
INFO:root:Ep 183: Timeout
INFO:root:Total_episodes: 183, Total_steps: 67253, episode_steps: 1250

INFO:root:Initializing new episode ...
INFO:root:Ep 184 robot pose [x,y,yaw]: [4.5, -4.5, 0]
INFO:root:Ep 184 goal pose [x, y]: [11.0, 11.0]
INFO:root:Ep 184: Timeout
INFO:root:Total_episodes: 184, Total_steps: 68503, episode_steps: 1250

INFO:root:Initializing new episode ...
INFO:root:Ep 185 robot pose [x,y,yaw]: [4.5, -4.5, 0]
INFO:root:Ep 185 goal pose [x, y]: [11.0, 11.0]
INFO:root:Ep 185: Timeout
INFO:root:Total_episodes: 185, Total_steps: 69753, episode_steps: 1250

INFO:root:Initializing new episode ...
INFO:root:Ep 186 robot pose [x,y,yaw]: [4.5, -4.5, 0]
INFO:root:Ep 186 goal pose [x, y]: [11.0, 11.0]
INFO:root:Ep 186: Timeout
INFO:root:Total_episodes: 186, Total_steps: 71003, episode_steps: 1250

INFO:root:Initializing new episode ...
INFO:root:Ep 187 robot pose [x,y,yaw]: [4.5, -4.5, 0]
INFO:root:Ep 187 goal pose [x, y]: [11.0, 11.0]
INFO:root:Ep 187: Collision
INFO:root:Total_episodes: 187, Total_steps: 71567, episode_steps: 564

INFO:root:Initializing new episode ...
INFO:root:Ep 188 robot pose [x,y,yaw]: [4.5, -4.5, 0]
INFO:root:Ep 188 goal pose [x, y]: [11.0, 11.0]
INFO:root:Ep 188: Timeout
INFO:root:Total_episodes: 188, Total_steps: 72817, episode_steps: 1250

INFO:root:Initializing new episode ...
INFO:root:Ep 189 robot pose [x,y,yaw]: [4.5, -4.5, 0]
INFO:root:Ep 189 goal pose [x, y]: [11.0, 11.0]
INFO:root:Ep 189: Timeout
INFO:root:Total_episodes: 189, Total_steps: 74067, episode_steps: 1250

INFO:root:Initializing new episode ...
INFO:root:Ep 190 robot pose [x,y,yaw]: [4.5, -4.5, 0]
INFO:root:Ep 190 goal pose [x, y]: [11.0, 11.0]
INFO:root:Ep 190: Collision
INFO:root:Total_episodes: 190, Total_steps: 74950, episode_steps: 883

INFO:root:Initializing new episode ...
INFO:root:Ep 191 robot pose [x,y,yaw]: [4.5, -4.5, 0]
INFO:root:Ep 191 goal pose [x, y]: [11.0, 11.0]
INFO:root:Ep 191: Timeout
INFO:root:Total_episodes: 191, Total_steps: 76200, episode_steps: 1250

INFO:root:Initializing new episode ...
INFO:root:Ep 192 robot pose [x,y,yaw]: [4.5, -4.5, 0]
INFO:root:Ep 192 goal pose [x, y]: [11.0, 11.0]
INFO:root:Ep 192: Collision
INFO:root:Total_episodes: 192, Total_steps: 76541, episode_steps: 341

INFO:root:Initializing new episode ...
INFO:root:Ep 193 robot pose [x,y,yaw]: [4.5, -4.5, 0]
INFO:root:Ep 193 goal pose [x, y]: [11.0, 11.0]
INFO:root:Ep 193: Collision
INFO:root:Total_episodes: 193, Total_steps: 77588, episode_steps: 1047

INFO:root:Initializing new episode ...
INFO:root:Ep 194 robot pose [x,y,yaw]: [4.5, -4.5, 0]
INFO:root:Ep 194 goal pose [x, y]: [11.0, 11.0]
INFO:root:Ep 194: Collision
INFO:root:Total_episodes: 194, Total_steps: 78493, episode_steps: 905

INFO:root:Initializing new episode ...
INFO:root:Ep 195 robot pose [x,y,yaw]: [4.5, -4.5, 0]
INFO:root:Ep 195 goal pose [x, y]: [11.0, 11.0]
INFO:root:Ep 195: Collision
INFO:root:Total_episodes: 195, Total_steps: 78786, episode_steps: 293

INFO:root:Initializing new episode ...
INFO:root:Ep 196 robot pose [x,y,yaw]: [4.5, -4.5, 0]
INFO:root:Ep 196 goal pose [x, y]: [11.0, 11.0]
INFO:root:Ep 196: Timeout
INFO:root:Total_episodes: 196, Total_steps: 80036, episode_steps: 1250

INFO:root:Initializing new episode ...
INFO:root:Ep 197 robot pose [x,y,yaw]: [4.5, -4.5, 0]
INFO:root:Ep 197 goal pose [x, y]: [11.0, 11.0]
INFO:root:Ep 197: Timeout
INFO:root:Total_episodes: 197, Total_steps: 81286, episode_steps: 1250

INFO:root:Initializing new episode ...
INFO:root:Ep 198 robot pose [x,y,yaw]: [4.5, -4.5, 0]
INFO:root:Ep 198 goal pose [x, y]: [11.0, 11.0]
INFO:root:Ep 198: Collision
INFO:root:Total_episodes: 198, Total_steps: 82405, episode_steps: 1119

INFO:root:Initializing new episode ...
INFO:root:Ep 199 robot pose [x,y,yaw]: [4.5, -4.5, 0]
INFO:root:Ep 199 goal pose [x, y]: [11.0, 11.0]
INFO:root:Ep 199: Timeout
INFO:root:Total_episodes: 199, Total_steps: 83655, episode_steps: 1250

INFO:root:Initializing new episode ...
INFO:root:Ep 200 robot pose [x,y,yaw]: [4.5, -4.5, 0]
INFO:root:Ep 200 goal pose [x, y]: [11.0, 11.0]
INFO:root:Ep 200: Collision
INFO:root:Total_episodes: 200, Total_steps: 84417, episode_steps: 762

INFO:root:Initializing new episode ...
INFO:root:Ep 201 robot pose [x,y,yaw]: [4.5, -4.5, 0]
INFO:root:Ep 201 goal pose [x, y]: [11.0, 11.0]
INFO:root:Ep 201: Timeout
INFO:root:Total_episodes: 201, Total_steps: 85667, episode_steps: 1250

INFO:root:Initializing new episode ...
INFO:root:Ep 202 robot pose [x,y,yaw]: [4.5, -4.5, 0]
INFO:root:Ep 202 goal pose [x, y]: [11.0, 11.0]
INFO:root:Ep 202: Collision
INFO:root:Total_episodes: 202, Total_steps: 86354, episode_steps: 687

INFO:root:Initializing new episode ...
INFO:root:Ep 203 robot pose [x,y,yaw]: [4.5, -4.5, 0]
INFO:root:Ep 203 goal pose [x, y]: [11.0, 11.0]
INFO:root:Ep 203: Timeout
INFO:root:Total_episodes: 203, Total_steps: 87604, episode_steps: 1250

INFO:root:Initializing new episode ...
INFO:root:Ep 204 robot pose [x,y,yaw]: [4.5, -4.5, 0]
INFO:root:Ep 204 goal pose [x, y]: [11.0, 11.0]
INFO:root:Ep 204: Timeout
INFO:root:Total_episodes: 204, Total_steps: 88854, episode_steps: 1250

INFO:root:Initializing new episode ...
INFO:root:Ep 205 robot pose [x,y,yaw]: [4.5, -4.5, 0]
INFO:root:Ep 205 goal pose [x, y]: [11.0, 11.0]
INFO:root:Ep 205: Timeout
INFO:root:Total_episodes: 205, Total_steps: 90104, episode_steps: 1250

INFO:root:Initializing new episode ...
INFO:root:Ep 206 robot pose [x,y,yaw]: [4.5, -4.5, 0]
INFO:root:Ep 206 goal pose [x, y]: [11.0, 11.0]
INFO:root:Ep 206: Collision
INFO:root:Total_episodes: 206, Total_steps: 90708, episode_steps: 604

INFO:root:Initializing new episode ...
INFO:root:Ep 207 robot pose [x,y,yaw]: [4.5, -4.5, 0]
INFO:root:Ep 207 goal pose [x, y]: [11.0, 11.0]
INFO:root:Ep 207: Timeout
INFO:root:Total_episodes: 207, Total_steps: 91958, episode_steps: 1250

INFO:root:Initializing new episode ...
INFO:root:Ep 208 robot pose [x,y,yaw]: [4.5, -4.5, 0]
INFO:root:Ep 208 goal pose [x, y]: [11.0, 11.0]
INFO:root:Ep 208: Timeout
INFO:root:Total_episodes: 208, Total_steps: 93208, episode_steps: 1250

INFO:root:Initializing new episode ...
INFO:root:Ep 209 robot pose [x,y,yaw]: [4.5, -4.5, 0]
INFO:root:Ep 209 goal pose [x, y]: [11.0, 11.0]
INFO:root:Ep 209: Timeout
INFO:root:Total_episodes: 209, Total_steps: 94458, episode_steps: 1250

INFO:root:Initializing new episode ...
INFO:root:Ep 210 robot pose [x,y,yaw]: [4.5, -4.5, 0]
INFO:root:Ep 210 goal pose [x, y]: [11.0, 11.0]
INFO:root:Ep 210: Collision
INFO:root:Total_episodes: 210, Total_steps: 94686, episode_steps: 228

INFO:root:Initializing new episode ...
INFO:root:Ep 211 robot pose [x,y,yaw]: [4.5, -4.5, 0]
INFO:root:Ep 211 goal pose [x, y]: [11.0, 11.0]
INFO:root:Ep 211: Timeout
INFO:root:Total_episodes: 211, Total_steps: 95936, episode_steps: 1250

INFO:root:Initializing new episode ...
INFO:root:Ep 212 robot pose [x,y,yaw]: [4.5, -4.5, 0]
INFO:root:Ep 212 goal pose [x, y]: [11.0, 11.0]
INFO:root:Ep 212: Timeout
INFO:root:Total_episodes: 212, Total_steps: 97186, episode_steps: 1250

INFO:root:Initializing new episode ...
INFO:root:Ep 213 robot pose [x,y,yaw]: [4.5, -4.5, 0]
INFO:root:Ep 213 goal pose [x, y]: [11.0, 11.0]
INFO:root:Ep 213: Timeout
INFO:root:Total_episodes: 213, Total_steps: 98436, episode_steps: 1250

INFO:root:Initializing new episode ...
INFO:root:Ep 214 robot pose [x,y,yaw]: [4.5, -4.5, 0]
INFO:root:Ep 214 goal pose [x, y]: [11.0, 11.0]
INFO:root:Ep 214: Collision
INFO:root:Total_episodes: 214, Total_steps: 98750, episode_steps: 314

INFO:root:Initializing new episode ...
INFO:root:Ep 215 robot pose [x,y,yaw]: [4.5, -4.5, 0]
INFO:root:Ep 215 goal pose [x, y]: [11.0, 11.0]
INFO:root:Ep 215: Timeout
INFO:root:Total_episodes: 215, Total_steps: 100000, episode_steps: 1250

INFO:root:Initializing new episode ...
INFO:root:Ep 216 robot pose [x,y,yaw]: [4.5, -4.5, 0]
INFO:root:Ep 216 goal pose [x, y]: [11.0, 11.0]
INFO:root:Total_episodes: 215 evaluation episode, Total_steps: 100000, episode_steps: 1

INFO:root:Initializing new episode ...
INFO:root:Ep evaluate robot pose [x,y,yaw]: [4.5, -4.5, 0]
INFO:root:Ep evaluate goal pose [x, y]: [11.0, 11.0]
INFO:root:Ep evaluate: Collision
INFO:root:Total_episodes: 215 evaluation episode, Total_steps: 100000, episode_steps: 1086

INFO:root:Initializing new episode ...
INFO:root:Ep evaluate robot pose [x,y,yaw]: [4.5, -4.5, 0]
INFO:root:Ep evaluate goal pose [x, y]: [11.0, 11.0]
INFO:root:Ep evaluate: Collision
INFO:root:Total_episodes: 215, Total_steps: 100000, episode_steps: 1073

INFO:root:Initializing new episode ...
INFO:root:Ep 216 robot pose [x,y,yaw]: [4.5, -4.5, 0]
INFO:root:Ep 216 goal pose [x, y]: [11.0, 11.0]
INFO:root:Ep 216: Collision
INFO:root:Total_episodes: 216, Total_steps: 100929, episode_steps: 929

INFO:root:Initializing new episode ...
INFO:root:Ep 217 robot pose [x,y,yaw]: [4.5, -4.5, 0]
INFO:root:Ep 217 goal pose [x, y]: [11.0, 11.0]
INFO:root:Ep 217: Timeout
INFO:root:Total_episodes: 217, Total_steps: 102179, episode_steps: 1250

INFO:root:Initializing new episode ...
INFO:root:Ep 218 robot pose [x,y,yaw]: [4.5, -4.5, 0]
INFO:root:Ep 218 goal pose [x, y]: [11.0, 11.0]
INFO:root:Ep 218: Collision
INFO:root:Total_episodes: 218, Total_steps: 102792, episode_steps: 613

INFO:root:Initializing new episode ...
INFO:root:Ep 219 robot pose [x,y,yaw]: [4.5, -4.5, 0]
INFO:root:Ep 219 goal pose [x, y]: [11.0, 11.0]
INFO:root:Ep 219: Timeout
INFO:root:Total_episodes: 219, Total_steps: 104042, episode_steps: 1250

INFO:root:Initializing new episode ...
INFO:root:Ep 220 robot pose [x,y,yaw]: [4.5, -4.5, 0]
INFO:root:Ep 220 goal pose [x, y]: [11.0, 11.0]
INFO:root:Ep 220: Collision
INFO:root:Total_episodes: 220, Total_steps: 104314, episode_steps: 272

INFO:root:Initializing new episode ...
INFO:root:Ep 221 robot pose [x,y,yaw]: [4.5, -4.5, 0]
INFO:root:Ep 221 goal pose [x, y]: [11.0, 11.0]
INFO:root:Ep 221: Timeout
INFO:root:Total_episodes: 221, Total_steps: 105564, episode_steps: 1250

INFO:root:Initializing new episode ...
INFO:root:Ep 222 robot pose [x,y,yaw]: [4.5, -4.5, 0]
INFO:root:Ep 222 goal pose [x, y]: [11.0, 11.0]
INFO:root:Ep 222: Timeout
INFO:root:Total_episodes: 222, Total_steps: 106814, episode_steps: 1250

INFO:root:Initializing new episode ...
INFO:root:Ep 223 robot pose [x,y,yaw]: [4.5, -4.5, 0]
INFO:root:Ep 223 goal pose [x, y]: [11.0, 11.0]
INFO:root:Ep 223: Collision
INFO:root:Total_episodes: 223, Total_steps: 107741, episode_steps: 927

INFO:root:Initializing new episode ...
INFO:root:Ep 224 robot pose [x,y,yaw]: [4.5, -4.5, 0]
INFO:root:Ep 224 goal pose [x, y]: [11.0, 11.0]
INFO:root:Ep 224: Collision
INFO:root:Total_episodes: 224, Total_steps: 108027, episode_steps: 286

INFO:root:Initializing new episode ...
INFO:root:Ep 225 robot pose [x,y,yaw]: [4.5, -4.5, 0]
INFO:root:Ep 225 goal pose [x, y]: [11.0, 11.0]
INFO:root:Ep 225: Collision
INFO:root:Total_episodes: 225, Total_steps: 108625, episode_steps: 598

INFO:root:Initializing new episode ...
INFO:root:Ep 226 robot pose [x,y,yaw]: [4.5, -4.5, 0]
INFO:root:Ep 226 goal pose [x, y]: [11.0, 11.0]
INFO:root:Ep 226: Collision
INFO:root:Total_episodes: 226, Total_steps: 109621, episode_steps: 996

INFO:root:Initializing new episode ...
INFO:root:Ep 227 robot pose [x,y,yaw]: [4.5, -4.5, 0]
INFO:root:Ep 227 goal pose [x, y]: [11.0, 11.0]
INFO:root:Ep 227: Collision
INFO:root:Total_episodes: 227, Total_steps: 109955, episode_steps: 334

INFO:root:Initializing new episode ...
INFO:root:Ep 228 robot pose [x,y,yaw]: [4.5, -4.5, 0]
INFO:root:Ep 228 goal pose [x, y]: [11.0, 11.0]
INFO:root:Ep 228: Collision
INFO:root:Total_episodes: 228, Total_steps: 111104, episode_steps: 1149

INFO:root:Initializing new episode ...
INFO:root:Ep 229 robot pose [x,y,yaw]: [4.5, -4.5, 0]
INFO:root:Ep 229 goal pose [x, y]: [11.0, 11.0]
INFO:root:Ep 229: Collision
INFO:root:Total_episodes: 229, Total_steps: 112239, episode_steps: 1135

INFO:root:Initializing new episode ...
INFO:root:Ep 230 robot pose [x,y,yaw]: [4.5, -4.5, 0]
INFO:root:Ep 230 goal pose [x, y]: [11.0, 11.0]
INFO:root:Ep 230: Collision
INFO:root:Total_episodes: 230, Total_steps: 112494, episode_steps: 255

INFO:root:Initializing new episode ...
INFO:root:Ep 231 robot pose [x,y,yaw]: [4.5, -4.5, 0]
INFO:root:Ep 231 goal pose [x, y]: [11.0, 11.0]
INFO:root:Ep 231: Collision
INFO:root:Total_episodes: 231, Total_steps: 113316, episode_steps: 822

INFO:root:Initializing new episode ...
INFO:root:Ep 232 robot pose [x,y,yaw]: [4.5, -4.5, 0]
INFO:root:Ep 232 goal pose [x, y]: [11.0, 11.0]
INFO:root:Ep 232: Timeout
INFO:root:Total_episodes: 232, Total_steps: 114566, episode_steps: 1250

INFO:root:Initializing new episode ...
INFO:root:Ep 233 robot pose [x,y,yaw]: [4.5, -4.5, 0]
INFO:root:Ep 233 goal pose [x, y]: [11.0, 11.0]
INFO:root:Ep 233: Timeout
INFO:root:Total_episodes: 233, Total_steps: 115816, episode_steps: 1250

INFO:root:Initializing new episode ...
INFO:root:Ep 234 robot pose [x,y,yaw]: [4.5, -4.5, 0]
INFO:root:Ep 234 goal pose [x, y]: [11.0, 11.0]
INFO:root:Ep 234: Collision
INFO:root:Total_episodes: 234, Total_steps: 116791, episode_steps: 975

INFO:root:Initializing new episode ...
INFO:root:Ep 235 robot pose [x,y,yaw]: [4.5, -4.5, 0]
INFO:root:Ep 235 goal pose [x, y]: [11.0, 11.0]
INFO:root:Ep 235: Timeout
INFO:root:Total_episodes: 235, Total_steps: 118041, episode_steps: 1250

INFO:root:Initializing new episode ...
INFO:root:Ep 236 robot pose [x,y,yaw]: [4.5, -4.5, 0]
INFO:root:Ep 236 goal pose [x, y]: [11.0, 11.0]
INFO:root:Ep 236: Collision
INFO:root:Total_episodes: 236, Total_steps: 119283, episode_steps: 1242

INFO:root:Initializing new episode ...
INFO:root:Ep 237 robot pose [x,y,yaw]: [4.5, -4.5, 0]
INFO:root:Ep 237 goal pose [x, y]: [11.0, 11.0]
INFO:root:Ep 237: Collision
INFO:root:Total_episodes: 237, Total_steps: 119710, episode_steps: 427

INFO:root:Initializing new episode ...
INFO:root:Ep 238 robot pose [x,y,yaw]: [4.5, -4.5, 0]
INFO:root:Ep 238 goal pose [x, y]: [11.0, 11.0]
INFO:root:Ep 238: Timeout
INFO:root:Total_episodes: 238, Total_steps: 120960, episode_steps: 1250

INFO:root:Initializing new episode ...
INFO:root:Ep 239 robot pose [x,y,yaw]: [4.5, -4.5, 0]
INFO:root:Ep 239 goal pose [x, y]: [11.0, 11.0]
INFO:root:Ep 239: Timeout
INFO:root:Total_episodes: 239, Total_steps: 122210, episode_steps: 1250

INFO:root:Initializing new episode ...
INFO:root:Ep 240 robot pose [x,y,yaw]: [4.5, -4.5, 0]
INFO:root:Ep 240 goal pose [x, y]: [11.0, 11.0]
INFO:root:Ep 240: Collision
INFO:root:Total_episodes: 240, Total_steps: 122670, episode_steps: 460

INFO:root:Initializing new episode ...
INFO:root:Ep 241 robot pose [x,y,yaw]: [4.5, -4.5, 0]
INFO:root:Ep 241 goal pose [x, y]: [11.0, 11.0]
INFO:root:Ep 241: Timeout
INFO:root:Total_episodes: 241, Total_steps: 123920, episode_steps: 1250

INFO:root:Initializing new episode ...
INFO:root:Ep 242 robot pose [x,y,yaw]: [4.5, -4.5, 0]
INFO:root:Ep 242 goal pose [x, y]: [11.0, 11.0]
INFO:root:Ep 242: Collision
INFO:root:Total_episodes: 242, Total_steps: 124395, episode_steps: 475

INFO:root:Initializing new episode ...
INFO:root:Ep 243 robot pose [x,y,yaw]: [4.5, -4.5, 0]
INFO:root:Ep 243 goal pose [x, y]: [11.0, 11.0]
INFO:root:Ep 243: Collision
INFO:root:Total_episodes: 243, Total_steps: 125552, episode_steps: 1157

INFO:root:Initializing new episode ...
INFO:root:Ep 244 robot pose [x,y,yaw]: [4.5, -4.5, 0]
INFO:root:Ep 244 goal pose [x, y]: [11.0, 11.0]
INFO:root:Ep 244: Timeout
INFO:root:Total_episodes: 244, Total_steps: 126802, episode_steps: 1250

INFO:root:Initializing new episode ...
INFO:root:Ep 245 robot pose [x,y,yaw]: [4.5, -4.5, 0]
INFO:root:Ep 245 goal pose [x, y]: [11.0, 11.0]
INFO:root:Ep 245: Timeout
INFO:root:Total_episodes: 245, Total_steps: 128052, episode_steps: 1250

INFO:root:Initializing new episode ...
INFO:root:Ep 246 robot pose [x,y,yaw]: [4.5, -4.5, 0]
INFO:root:Ep 246 goal pose [x, y]: [11.0, 11.0]
INFO:root:Ep 246: Collision
INFO:root:Total_episodes: 246, Total_steps: 128778, episode_steps: 726

INFO:root:Initializing new episode ...
INFO:root:Ep 247 robot pose [x,y,yaw]: [4.5, -4.5, 0]
INFO:root:Ep 247 goal pose [x, y]: [11.0, 11.0]
INFO:root:Ep 247: Timeout
INFO:root:Total_episodes: 247, Total_steps: 130028, episode_steps: 1250

INFO:root:Initializing new episode ...
INFO:root:Ep 248 robot pose [x,y,yaw]: [4.5, -4.5, 0]
INFO:root:Ep 248 goal pose [x, y]: [11.0, 11.0]
INFO:root:Ep 248: Timeout
INFO:root:Total_episodes: 248, Total_steps: 131278, episode_steps: 1250

INFO:root:Initializing new episode ...
INFO:root:Ep 249 robot pose [x,y,yaw]: [4.5, -4.5, 0]
INFO:root:Ep 249 goal pose [x, y]: [11.0, 11.0]
INFO:root:Ep 249: Collision
INFO:root:Total_episodes: 249, Total_steps: 131510, episode_steps: 232

INFO:root:Initializing new episode ...
INFO:root:Ep 250 robot pose [x,y,yaw]: [4.5, -4.5, 0]
INFO:root:Ep 250 goal pose [x, y]: [11.0, 11.0]
INFO:root:Ep 250: Timeout
INFO:root:Total_episodes: 250, Total_steps: 132760, episode_steps: 1250

INFO:root:Initializing new episode ...
INFO:root:Ep 251 robot pose [x,y,yaw]: [4.5, -4.5, 0]
INFO:root:Ep 251 goal pose [x, y]: [11.0, 11.0]
